MPLINK 5.00, LINKER
Linker Map File - Created Thu Nov 28 16:12:29 2019

                                 Section Info
                  Section       Type    Address   Location Size(Bytes)
                ---------  ---------  ---------  ---------  ---------
               _entry_scn       code   0x000000    program   0x000006
    REMAPPED_RESET_VECTOR       code   0x001000    program   0x000006
                   .cinit    romdata   0x00102a    program   0x000002
   .code_commandesMoway.o       code   0x00102c    program   0x00128a
               _cinit_scn       code   0x0022b6    program   0x00009e
          .code_adcopen.o       code   0x002354    program   0x00008a
            .code_robot.o       code   0x0023de    program   0x000082
                     PROG       code   0x002460    program   0x00004c
             .code_main.o       code   0x0024ac    program   0x000030
             D10KTCYXCODE       code   0x0024dc    program   0x00002e
         .code_fxd1616u.o       code   0x00250a    program   0x00002c
              D1KTCYXCODE       code   0x002536    program   0x000020
                    .code       code   0x002556    program   0x000020
             _startup_scn       code   0x002576    program   0x00001c
              D10TCYXCODE       code   0x002592    program   0x000016
          .code_adcbusy.o       code   0x0025a8    program   0x00000c
         .code_adcclose.o       code   0x0025b4    program   0x000008
          .code_adcconv.o       code   0x0025bc    program   0x000006
           .code___init.o       code   0x0025c2    program   0x000002
      .idata_fxd1616u.o_i    romdata   0x0025c4    program   0x000000
      .romdata_fxd1616u.o    romdata   0x0025c4    program   0x000000
       .idata_adcopen.o_i    romdata   0x0025c4    program   0x000000
       .romdata_adcopen.o    romdata   0x0025c4    program   0x000000
        .idata___init.o_i    romdata   0x0025c4    program   0x000000
        .romdata___init.o    romdata   0x0025c4    program   0x000000
       .romdata_adcconv.o    romdata   0x0025c4    program   0x000000
       .idata_adcconv.o_i    romdata   0x0025c4    program   0x000000
      .romdata_adcclose.o    romdata   0x0025c4    program   0x000000
      .idata_adcclose.o_i    romdata   0x0025c4    program   0x000000
       .romdata_adcbusy.o    romdata   0x0025c4    program   0x000000
       .idata_adcbusy.o_i    romdata   0x0025c4    program   0x000000
         .romdata_robot.o    romdata   0x0025c4    program   0x000000
         .idata_robot.o_i    romdata   0x0025c4    program   0x000000
          .romdata_main.o    romdata   0x0025c4    program   0x000000
          .idata_main.o_i    romdata   0x0025c4    program   0x000000
.romdata_commandesMoway.o    romdata   0x0025c4    program   0x000000
.idata_commandesMoway.o_i    romdata   0x0025c4    program   0x000000
            .code_c018i.o       code   0x0025c4    program   0x000000
         .romdata_c018i.o    romdata   0x0025c4    program   0x000000
         .idata_c018i.o_i    romdata   0x0025c4    program   0x000000
                MATH_DATA      udata   0x000000       data   0x000010
                 .tmpdata      udata   0x000010       data   0x000004
                DELAYDAT2      udata   0x000014       data   0x000001
                DELAYDAT1      udata   0x000015       data   0x000001
                   .stack      udata   0x000e00       data   0x000100
  .udata_commandesMoway.o      udata   0x000f00       data   0x00001b
           .udata_c018i.o      udata   0x000f1b       data   0x00000a
          .idata___init.o      idata   0x000f25       data   0x000000
          .udata___init.o      udata   0x000f25       data   0x000000
         .idata_adcopen.o      idata   0x000f25       data   0x000000
         .udata_adcopen.o      udata   0x000f25       data   0x000000
        .idata_fxd1616u.o      idata   0x000f25       data   0x000000
        .udata_fxd1616u.o      udata   0x000f25       data   0x000000
           .idata_c018i.o      idata   0x000f25       data   0x000000
         .idata_adcconv.o      idata   0x000f25       data   0x000000
         .udata_adcconv.o      udata   0x000f25       data   0x000000
        .idata_adcclose.o      idata   0x000f25       data   0x000000
        .udata_adcclose.o      udata   0x000f25       data   0x000000
         .idata_adcbusy.o      idata   0x000f25       data   0x000000
         .udata_adcbusy.o      udata   0x000f25       data   0x000000
           .idata_robot.o      idata   0x000f25       data   0x000000
           .udata_robot.o      udata   0x000f25       data   0x000000
            .idata_main.o      idata   0x000f25       data   0x000000
            .udata_main.o      udata   0x000f25       data   0x000000
  .idata_commandesMoway.o      idata   0x000f25       data   0x000000
              SFR_BANKED0      udata   0x000f40       data   0x000020
            SFR_UNBANKED0      udata   0x000f60       data   0x0000a0



                              Program Memory Usage 
                               Start         End      
                           ---------   ---------      
                            0x000000    0x000005      
                            0x001000    0x001005      
                            0x00102a    0x0025c3      
            5542 out of 65536 program addresses used, program memory utilization is 8%



                              Symbols - Sorted by Name
                     Name    Address   Location    Storage File                     
                ---------  ---------  ---------  --------- ---------                
                ACCE_READ   0x0019d0    program     extern Z:\Annee2019-2020\1SN\RobotPiscine\ProjetRobotPiscine\ProjetRobotPiscine\CodeProjet\includes\lib_sen_moway.h
               ACCE_WRITE   0x001982    program     extern Z:\Annee2019-2020\1SN\RobotPiscine\ProjetRobotPiscine\ProjetRobotPiscine\CodeProjet\includes\lib_sen_moway.h
                  BusyADC   0x0025a8    program     extern E:\3.46\pic18-lt\cxx-framework\src\pmc_common\ADC\adcbusy.c
                 CloseADC   0x0025b4    program     extern E:\3.46\pic18-lt\cxx-framework\src\pmc_common\ADC\adcclose.c
               ConvertADC   0x0025bc    program     extern E:\3.46\pic18-lt\cxx-framework\src\pmc_common\ADC\adcconv.c
                   D10K_1   0x0024e8    program     static E:\3.46\pic18-lt\cxx-framework\src\traditional\delays\d10ktcyx.asm
                    D10Kl   0x0024f4    program     static E:\3.46\pic18-lt\cxx-framework\src\traditional\delays\d10ktcyx.asm
                    D10Kx   0x0024e6    program     static E:\3.46\pic18-lt\cxx-framework\src\traditional\delays\d10ktcyx.asm
                    D10_1   0x0025a2    program     static E:\3.46\pic18-lt\cxx-framework\src\traditional\delays\d10tcyx.asm
                     D10x   0x00259a    program     static E:\3.46\pic18-lt\cxx-framework\src\traditional\delays\d10tcyx.asm
                   D1616S   0x002482    program     static E:\3.46\pic18-lt\cxx-framework\src\traditional\math\fxd1616s.asm
                D1616SNEG   0x002490    program     static E:\3.46\pic18-lt\cxx-framework\src\traditional\math\fxd1616s.asm
                 D1616SOK   0x00248c    program     static E:\3.46\pic18-lt\cxx-framework\src\traditional\math\fxd1616s.asm
                  D1616SX   0x0024a2    program     static E:\3.46\pic18-lt\cxx-framework\src\traditional\math\fxd1616s.asm
                    D1K_1   0x002542    program     static E:\3.46\pic18-lt\cxx-framework\src\traditional\delays\d1ktcyx.asm
                     D1Kx   0x002540    program     static E:\3.46\pic18-lt\cxx-framework\src\traditional\delays\d1ktcyx.asm
                  DA1616S   0x002472    program     static E:\3.46\pic18-lt\cxx-framework\src\traditional\math\fxd1616s.asm
             Delay10KTCYx   0x0024dc    program     extern E:\3.46\pic18-lt\cxx-framework\src\traditional\delays\d10ktcyx.asm
              Delay10TCYx   0x002592    program     extern E:\3.46\pic18-lt\cxx-framework\src\traditional\delays\d10tcyx.asm
              Delay1KTCYx   0x002536    program     extern E:\3.46\pic18-lt\cxx-framework\src\traditional\delays\d1ktcyx.asm
                 FXD1616S   0x002460    program     extern E:\3.46\pic18-lt\cxx-framework\src\traditional\math\fxd1616s.asm
                 FXD1616U   0x00250a    program     extern E:\3.46\pic18-lt\cxx-framework\src\traditional\math\fxd1616u.c
             IN_ACK_NACK2   0x001da2    program     extern Z:\Annee2019-2020\1SN\RobotPiscine\ProjetRobotPiscine\ProjetRobotPiscine\CodeProjet\includes\lib_mot_moway.h
            LED_BRAKE_OFF   0x001920    program     extern Z:\Annee2019-2020\1SN\RobotPiscine\ProjetRobotPiscine\ProjetRobotPiscine\CodeProjet\includes\lib_sen_moway.h
             LED_BRAKE_ON   0x00191c    program     extern Z:\Annee2019-2020\1SN\RobotPiscine\ProjetRobotPiscine\ProjetRobotPiscine\CodeProjet\includes\lib_sen_moway.h
         LED_BRAKE_ON_OFF   0x001924    program     extern Z:\Annee2019-2020\1SN\RobotPiscine\ProjetRobotPiscine\ProjetRobotPiscine\CodeProjet\includes\lib_sen_moway.h
            LED_FRONT_OFF   0x0018fe    program     extern Z:\Annee2019-2020\1SN\RobotPiscine\ProjetRobotPiscine\ProjetRobotPiscine\CodeProjet\includes\lib_sen_moway.h
             LED_FRONT_ON   0x0018fa    program     extern Z:\Annee2019-2020\1SN\RobotPiscine\ProjetRobotPiscine\ProjetRobotPiscine\CodeProjet\includes\lib_sen_moway.h
         LED_FRONT_ON_OFF   0x001902    program     extern Z:\Annee2019-2020\1SN\RobotPiscine\ProjetRobotPiscine\ProjetRobotPiscine\CodeProjet\includes\lib_sen_moway.h
        LED_TOP_GREEN_OFF   0x001964    program     extern Z:\Annee2019-2020\1SN\RobotPiscine\ProjetRobotPiscine\ProjetRobotPiscine\CodeProjet\includes\lib_sen_moway.h
         LED_TOP_GREEN_ON   0x001960    program     extern Z:\Annee2019-2020\1SN\RobotPiscine\ProjetRobotPiscine\ProjetRobotPiscine\CodeProjet\includes\lib_sen_moway.h
     LED_TOP_GREEN_ON_OFF   0x001968    program     extern Z:\Annee2019-2020\1SN\RobotPiscine\ProjetRobotPiscine\ProjetRobotPiscine\CodeProjet\includes\lib_sen_moway.h
          LED_TOP_RED_OFF   0x001942    program     extern Z:\Annee2019-2020\1SN\RobotPiscine\ProjetRobotPiscine\ProjetRobotPiscine\CodeProjet\includes\lib_sen_moway.h
           LED_TOP_RED_ON   0x00193e    program     extern Z:\Annee2019-2020\1SN\RobotPiscine\ProjetRobotPiscine\ProjetRobotPiscine\CodeProjet\includes\lib_sen_moway.h
       LED_TOP_RED_ON_OFF   0x001946    program     extern Z:\Annee2019-2020\1SN\RobotPiscine\ProjetRobotPiscine\ProjetRobotPiscine\CodeProjet\includes\lib_sen_moway.h
              MOT_CHA_VEL   0x001aa6    program     extern Z:\Annee2019-2020\1SN\RobotPiscine\ProjetRobotPiscine\ProjetRobotPiscine\CodeProjet\includes\lib_mot_moway.h
               MOT_CONFIG   0x001a1c    program     extern Z:\Annee2019-2020\1SN\RobotPiscine\ProjetRobotPiscine\ProjetRobotPiscine\CodeProjet\includes\lib_mot_moway.h
                  MOT_CUR   0x001c00    program     extern Z:\Annee2019-2020\1SN\RobotPiscine\ProjetRobotPiscine\ProjetRobotPiscine\CodeProjet\includes\lib_mot_moway.h
                MOT_FDBCK   0x001d14    program     extern Z:\Annee2019-2020\1SN\RobotPiscine\ProjetRobotPiscine\ProjetRobotPiscine\CodeProjet\includes\lib_mot_moway.h
                  MOT_ROT   0x001b42    program     extern Z:\Annee2019-2020\1SN\RobotPiscine\ProjetRobotPiscine\ProjetRobotPiscine\CodeProjet\includes\lib_mot_moway.h
                  MOT_RST   0x001cec    program     extern Z:\Annee2019-2020\1SN\RobotPiscine\ProjetRobotPiscine\ProjetRobotPiscine\CodeProjet\includes\lib_mot_moway.h
           MOT_SND_I2C_1D   0x00204c    program     extern Z:\Annee2019-2020\1SN\RobotPiscine\ProjetRobotPiscine\ProjetRobotPiscine\CodeProjet\includes\lib_mot_moway.h
           MOT_SND_I2C_3D   0x0020a8    program     extern Z:\Annee2019-2020\1SN\RobotPiscine\ProjetRobotPiscine\ProjetRobotPiscine\CodeProjet\includes\lib_mot_moway.h
           MOT_SND_I2C_4D   0x00212c    program     extern Z:\Annee2019-2020\1SN\RobotPiscine\ProjetRobotPiscine\ProjetRobotPiscine\CodeProjet\includes\lib_mot_moway.h
                 MOT_STOP   0x001cd6    program     extern Z:\Annee2019-2020\1SN\RobotPiscine\ProjetRobotPiscine\ProjetRobotPiscine\CodeProjet\includes\lib_mot_moway.h
                  MOT_STR   0x001a28    program     extern Z:\Annee2019-2020\1SN\RobotPiscine\ProjetRobotPiscine\ProjetRobotPiscine\CodeProjet\includes\lib_mot_moway.h
                 OUT_ACK2   0x002036    program     extern Z:\Annee2019-2020\1SN\RobotPiscine\ProjetRobotPiscine\ProjetRobotPiscine\CodeProjet\includes\lib_mot_moway.h
                OUT_NACK2   0x002042    program     extern Z:\Annee2019-2020\1SN\RobotPiscine\ProjetRobotPiscine\ProjetRobotPiscine\CodeProjet\includes\lib_mot_moway.h
                  OpenADC   0x002354    program     extern E:\3.46\pic18-lt\cxx-framework\src\pmc_common\ADC\adcopen.c
                Read_I2C2   0x001dbc    program     extern Z:\Annee2019-2020\1SN\RobotPiscine\ProjetRobotPiscine\ProjetRobotPiscine\CodeProjet\includes\lib_mot_moway.h
       SEN_ACCE_CHECK_TAP   0x00176e    program     extern Z:\Annee2019-2020\1SN\RobotPiscine\ProjetRobotPiscine\ProjetRobotPiscine\CodeProjet\includes\lib_sen_moway.h
        SEN_ACCE_XYZ_READ   0x00165a    program     extern Z:\Annee2019-2020\1SN\RobotPiscine\ProjetRobotPiscine\ProjetRobotPiscine\CodeProjet\includes\lib_sen_moway.h
              SEN_BATTERY   0x0011a6    program     extern Z:\Annee2019-2020\1SN\RobotPiscine\ProjetRobotPiscine\ProjetRobotPiscine\CodeProjet\includes\lib_sen_moway.h
               SEN_CONFIG   0x00102c    program     extern Z:\Annee2019-2020\1SN\RobotPiscine\ProjetRobotPiscine\ProjetRobotPiscine\CodeProjet\includes\lib_sen_moway.h
                SEN_LIGHT   0x00115c    program     extern Z:\Annee2019-2020\1SN\RobotPiscine\ProjetRobotPiscine\ProjetRobotPiscine\CodeProjet\includes\lib_sen_moway.h
          SEN_LINE_ANALOG   0x001844    program     extern Z:\Annee2019-2020\1SN\RobotPiscine\ProjetRobotPiscine\ProjetRobotPiscine\CodeProjet\includes\lib_sen_moway.h
             SEN_LINE_DIG   0x0018ac    program     extern Z:\Annee2019-2020\1SN\RobotPiscine\ProjetRobotPiscine\ProjetRobotPiscine\CodeProjet\includes\lib_sen_moway.h
           SEN_MIC_ANALOG   0x00130c    program     extern Z:\Annee2019-2020\1SN\RobotPiscine\ProjetRobotPiscine\ProjetRobotPiscine\CodeProjet\includes\lib_sen_moway.h
              SEN_MIC_DIG   0x001352    program     extern Z:\Annee2019-2020\1SN\RobotPiscine\ProjetRobotPiscine\ProjetRobotPiscine\CodeProjet\includes\lib_sen_moway.h
           SEN_OBS_ANALOG   0x0013ec    program     extern Z:\Annee2019-2020\1SN\RobotPiscine\ProjetRobotPiscine\ProjetRobotPiscine\CodeProjet\includes\lib_sen_moway.h
              SEN_OBS_DIG   0x001568    program     extern Z:\Annee2019-2020\1SN\RobotPiscine\ProjetRobotPiscine\ProjetRobotPiscine\CodeProjet\includes\lib_sen_moway.h
              SEN_SPEAKER   0x001364    program     extern Z:\Annee2019-2020\1SN\RobotPiscine\ProjetRobotPiscine\ProjetRobotPiscine\CodeProjet\includes\lib_sen_moway.h
          SEN_TEMPERATURE   0x001242    program     extern Z:\Annee2019-2020\1SN\RobotPiscine\ProjetRobotPiscine\ProjetRobotPiscine\CodeProjet\includes\lib_sen_moway.h
               Start_I2C2   0x001d94    program     extern Z:\Annee2019-2020\1SN\RobotPiscine\ProjetRobotPiscine\ProjetRobotPiscine\CodeProjet\includes\lib_mot_moway.h
                Stop_I2C2   0x001db6    program     extern Z:\Annee2019-2020\1SN\RobotPiscine\ProjetRobotPiscine\ProjetRobotPiscine\CodeProjet\includes\lib_mot_moway.h
               Write_I2C2   0x001f98    program     extern Z:\Annee2019-2020\1SN\RobotPiscine\ProjetRobotPiscine\ProjetRobotPiscine\CodeProjet\includes\lib_mot_moway.h
       _D10KTCYXCODE_0010   0x0024ec    program     static E:\3.46\pic18-lt\cxx-framework\src\traditional\delays\d10ktcyx.asm
       _D10KTCYXCODE_001C   0x0024f8    program     static E:\3.46\pic18-lt\cxx-framework\src\traditional\delays\d10ktcyx.asm
        _D10TCYXCODE_000A   0x00259c    program     static E:\3.46\pic18-lt\cxx-framework\src\traditional\delays\d10tcyx.asm
        _D10TCYXCODE_000C   0x00259e    program     static E:\3.46\pic18-lt\cxx-framework\src\traditional\delays\d10tcyx.asm
        _D10TCYXCODE_000E   0x0025a0    program     static E:\3.46\pic18-lt\cxx-framework\src\traditional\delays\d10tcyx.asm
        _D1KTCYXCODE_0010   0x002546    program     static E:\3.46\pic18-lt\cxx-framework\src\traditional\delays\d1ktcyx.asm
        _D1KTCYXCODE_0016   0x00254c    program     static E:\3.46\pic18-lt\cxx-framework\src\traditional\delays\d1ktcyx.asm
         ___else_lbl00208   0x001ff8    program     static                          
          ___for_lbl00205   0x002018    program     static                          
          ___for_lbl00206   0x002022    program     static                          
          ___for_lbl00209   0x001fa8    program     static                          
           ___if_lbl00207   0x002018    program     static                          
       ___return_lbl00000   0x001004    program     static                          
       ___return_lbl00000   0x002534    program     static                          
       ___return_lbl00000   0x000004    program     static                          
       ___return_lbl00001   0x002590    program     static                          
       ___return_lbl00002   0x002352    program     static                          
       ___return_lbl00204   0x002022    program     static                          
                   __init   0x0025c2    program     extern E:\3.46\pic18-lt\cxx-framework\src\traditional\stdclib\__init.c
            __zero_memory   0x002556    program     extern E:\3.46\pic18-lt\cxx-framework\src\traditional\proc\p18f87j50.asm
                _do_cinit   0x0022b6    program     extern E:\3.46\pic18-lt\cxx-framework\src\traditional\startup\c018i.c
                   _entry   0x000000    program     extern E:\3.46\pic18-lt\cxx-framework\src\traditional\startup\c018i.c
                   _reset   0x001000    program     extern Z:\Annee2019-2020\1SN\RobotPiscine\ProjetRobotPiscine\ProjetRobotPiscine\CodeProjet\sources\main.c
                 _startup   0x002576    program     extern E:\3.46\pic18-lt\cxx-framework\src\traditional\startup\c018i.c
             arreterRobot   0x002206    program     extern Z:\Annee2019-2020\1SN\RobotPiscine\ProjetRobotPiscine\ProjetRobotPiscine\CodeProjet\sources\commandesMoway.c
                 attendre   0x0021cc    program     extern Z:\Annee2019-2020\1SN\RobotPiscine\ProjetRobotPiscine\ProjetRobotPiscine\CodeProjet\sources\commandesMoway.c
        attendreImmersion   0x00241c    program     extern Z:\Annee2019-2020\1SN\RobotPiscine\ProjetRobotPiscine\ProjetRobotPiscine\CodeProjet\sources\robot.c
                  avancer   0x002202    program     extern Z:\Annee2019-2020\1SN\RobotPiscine\ProjetRobotPiscine\ProjetRobotPiscine\CodeProjet\sources\commandesMoway.c
              bordAtteint   0x00245a    program     extern Z:\Annee2019-2020\1SN\RobotPiscine\ProjetRobotPiscine\ProjetRobotPiscine\CodeProjet\sources\robot.c
calculerAccelerationVerticale   0x00227c    program     extern Z:\Annee2019-2020\1SN\RobotPiscine\ProjetRobotPiscine\ProjetRobotPiscine\CodeProjet\sources\commandesMoway.c
calculerDistanceParcourue   0x002208    program     extern Z:\Annee2019-2020\1SN\RobotPiscine\ProjetRobotPiscine\ProjetRobotPiscine\CodeProjet\sources\commandesMoway.c
       chargeInsuffisante   0x00240e    program     extern Z:\Annee2019-2020\1SN\RobotPiscine\ProjetRobotPiscine\ProjetRobotPiscine\CodeProjet\sources\robot.c
           clignoterRouge   0x002296    program     extern Z:\Annee2019-2020\1SN\RobotPiscine\ProjetRobotPiscine\ProjetRobotPiscine\CodeProjet\sources\commandesMoway.c
            clignoterVert   0x0022a2    program     extern Z:\Annee2019-2020\1SN\RobotPiscine\ProjetRobotPiscine\ProjetRobotPiscine\CodeProjet\sources\commandesMoway.c
                compare_l   0x00256c    program     static E:\3.46\pic18-lt\cxx-framework\src\traditional\proc\p18f87j50.asm
          configurerMoway   0x0021c4    program     extern Z:\Annee2019-2020\1SN\RobotPiscine\ProjetRobotPiscine\ProjetRobotPiscine\CodeProjet\sources\commandesMoway.c
                copy_loop   0x002328    program     static                          
            copy_one_byte   0x00232e    program     static                          
                     done   0x002352    program     static                          
             done_copying   0x00233c    program     static                          
                  endloop   0x002530    program     static                          
          explorerPiscine   0x00241e    program     extern Z:\Annee2019-2020\1SN\RobotPiscine\ProjetRobotPiscine\ProjetRobotPiscine\CodeProjet\sources\robot.c
            faireDemiTour   0x0022b0    program     extern Z:\Annee2019-2020\1SN\RobotPiscine\ProjetRobotPiscine\ProjetRobotPiscine\CodeProjet\sources\commandesMoway.c
         initialiserRobot   0x0023de    program     extern Z:\Annee2019-2020\1SN\RobotPiscine\ProjetRobotPiscine\ProjetRobotPiscine\CodeProjet\sources\robot.c
             lireBatterie   0x0021ca    program     extern Z:\Annee2019-2020\1SN\RobotPiscine\ProjetRobotPiscine\ProjetRobotPiscine\CodeProjet\sources\commandesMoway.c
    lireCapteurLigneDroit   0x0022b4    program     extern Z:\Annee2019-2020\1SN\RobotPiscine\ProjetRobotPiscine\ProjetRobotPiscine\CodeProjet\sources\commandesMoway.c
   lireCapteurLigneGauche   0x0022b2    program     extern Z:\Annee2019-2020\1SN\RobotPiscine\ProjetRobotPiscine\ProjetRobotPiscine\CodeProjet\sources\commandesMoway.c
                     loop   0x002586    program     static                          
                     loop   0x002514    program     static                          
                   loop_h   0x002564    program     static E:\3.46\pic18-lt\cxx-framework\src\traditional\proc\p18f87j50.asm
                   loop_l   0x00256e    program     static E:\3.46\pic18-lt\cxx-framework\src\traditional\proc\p18f87j50.asm
                     main   0x0024ac    program     extern Z:\Annee2019-2020\1SN\RobotPiscine\ProjetRobotPiscine\ProjetRobotPiscine\CodeProjet\sources\main.c
          parcoursTermine   0x00244a    program     extern Z:\Annee2019-2020\1SN\RobotPiscine\ProjetRobotPiscine\ProjetRobotPiscine\CodeProjet\sources\robot.c
                  reculer   0x002204    program     extern Z:\Annee2019-2020\1SN\RobotPiscine\ProjetRobotPiscine\ProjetRobotPiscine\CodeProjet\sources\commandesMoway.c
            robotRetourne   0x002458    program     extern Z:\Annee2019-2020\1SN\RobotPiscine\ProjetRobotPiscine\ProjetRobotPiscine\CodeProjet\sources\robot.c
         terminerParcours   0x002448    program     extern Z:\Annee2019-2020\1SN\RobotPiscine\ProjetRobotPiscine\ProjetRobotPiscine\CodeProjet\sources\robot.c
terminerSurBatterieDechargee   0x00245c    program     extern Z:\Annee2019-2020\1SN\RobotPiscine\ProjetRobotPiscine\ProjetRobotPiscine\CodeProjet\sources\robot.c
terminerSurEtatIrrecuperable   0x00245e    program     extern Z:\Annee2019-2020\1SN\RobotPiscine\ProjetRobotPiscine\ProjetRobotPiscine\CodeProjet\sources\robot.c
                     test   0x0022d0    program     static                          
       tournerQuartDroite   0x0022ae    program     extern Z:\Annee2019-2020\1SN\RobotPiscine\ProjetRobotPiscine\ProjetRobotPiscine\CodeProjet\sources\commandesMoway.c
               zero_block   0x002564    program     static E:\3.46\pic18-lt\cxx-framework\src\traditional\proc\p18f87j50.asm
                   ADCON0   0x000fc2       data     extern E:\3.46\pic18-lt\cxx-framework\src\traditional\proc\p18f87j50.asm
               ADCON0bits   0x000fc2       data     extern E:\3.46\pic18-lt\cxx-framework\src\traditional\proc\p18f87j50.asm
                   ADCON1   0x000fc1       data     extern E:\3.46\pic18-lt\cxx-framework\src\traditional\proc\p18f87j50.asm
               ADCON1bits   0x000fc1       data     extern E:\3.46\pic18-lt\cxx-framework\src\traditional\proc\p18f87j50.asm
                    ADRES   0x000fc3       data     extern E:\3.46\pic18-lt\cxx-framework\src\traditional\proc\p18f87j50.asm
                   ADRESH   0x000fc4       data     extern E:\3.46\pic18-lt\cxx-framework\src\traditional\proc\p18f87j50.asm
                   ADRESL   0x000fc3       data     extern E:\3.46\pic18-lt\cxx-framework\src\traditional\proc\p18f87j50.asm
                   ANCON0   0x000fc1       data     extern E:\3.46\pic18-lt\cxx-framework\src\traditional\proc\p18f87j50.asm
               ANCON0bits   0x000fc1       data     extern E:\3.46\pic18-lt\cxx-framework\src\traditional\proc\p18f87j50.asm
                   ANCON1   0x000fc2       data     extern E:\3.46\pic18-lt\cxx-framework\src\traditional\proc\p18f87j50.asm
               ANCON1bits   0x000fc2       data     extern E:\3.46\pic18-lt\cxx-framework\src\traditional\proc\p18f87j50.asm
                  BAUDCON   0x000f7e       data     extern E:\3.46\pic18-lt\cxx-framework\src\traditional\proc\p18f87j50.asm
                 BAUDCON1   0x000f7e       data     extern E:\3.46\pic18-lt\cxx-framework\src\traditional\proc\p18f87j50.asm
             BAUDCON1bits   0x000f7e       data     extern E:\3.46\pic18-lt\cxx-framework\src\traditional\proc\p18f87j50.asm
                 BAUDCON2   0x000f7c       data     extern E:\3.46\pic18-lt\cxx-framework\src\traditional\proc\p18f87j50.asm
             BAUDCON2bits   0x000f7c       data     extern E:\3.46\pic18-lt\cxx-framework\src\traditional\proc\p18f87j50.asm
              BAUDCONbits   0x000f7e       data     extern E:\3.46\pic18-lt\cxx-framework\src\traditional\proc\p18f87j50.asm
                      BSR   0x000fe0       data     extern E:\3.46\pic18-lt\cxx-framework\src\traditional\proc\p18f87j50.asm
                  CCP1CON   0x000fbb       data     extern E:\3.46\pic18-lt\cxx-framework\src\traditional\proc\p18f87j50.asm
              CCP1CONbits   0x000fbb       data     extern E:\3.46\pic18-lt\cxx-framework\src\traditional\proc\p18f87j50.asm
                  CCP2CON   0x000fb6       data     extern E:\3.46\pic18-lt\cxx-framework\src\traditional\proc\p18f87j50.asm
              CCP2CONbits   0x000fb6       data     extern E:\3.46\pic18-lt\cxx-framework\src\traditional\proc\p18f87j50.asm
                  CCP3CON   0x000fb1       data     extern E:\3.46\pic18-lt\cxx-framework\src\traditional\proc\p18f87j50.asm
              CCP3CONbits   0x000fb1       data     extern E:\3.46\pic18-lt\cxx-framework\src\traditional\proc\p18f87j50.asm
                  CCP4CON   0x000f73       data     extern E:\3.46\pic18-lt\cxx-framework\src\traditional\proc\p18f87j50.asm
              CCP4CONbits   0x000f73       data     extern E:\3.46\pic18-lt\cxx-framework\src\traditional\proc\p18f87j50.asm
                  CCP5CON   0x000f70       data     extern E:\3.46\pic18-lt\cxx-framework\src\traditional\proc\p18f87j50.asm
              CCP5CONbits   0x000f70       data     extern E:\3.46\pic18-lt\cxx-framework\src\traditional\proc\p18f87j50.asm
                    CCPR1   0x000fbc       data     extern E:\3.46\pic18-lt\cxx-framework\src\traditional\proc\p18f87j50.asm
                   CCPR1H   0x000fbd       data     extern E:\3.46\pic18-lt\cxx-framework\src\traditional\proc\p18f87j50.asm
                   CCPR1L   0x000fbc       data     extern E:\3.46\pic18-lt\cxx-framework\src\traditional\proc\p18f87j50.asm
                    CCPR2   0x000fb7       data     extern E:\3.46\pic18-lt\cxx-framework\src\traditional\proc\p18f87j50.asm
                   CCPR2H   0x000fb8       data     extern E:\3.46\pic18-lt\cxx-framework\src\traditional\proc\p18f87j50.asm
                   CCPR2L   0x000fb7       data     extern E:\3.46\pic18-lt\cxx-framework\src\traditional\proc\p18f87j50.asm
                    CCPR3   0x000fb2       data     extern E:\3.46\pic18-lt\cxx-framework\src\traditional\proc\p18f87j50.asm
                   CCPR3H   0x000fb3       data     extern E:\3.46\pic18-lt\cxx-framework\src\traditional\proc\p18f87j50.asm
                   CCPR3L   0x000fb2       data     extern E:\3.46\pic18-lt\cxx-framework\src\traditional\proc\p18f87j50.asm
                    CCPR4   0x000f74       data     extern E:\3.46\pic18-lt\cxx-framework\src\traditional\proc\p18f87j50.asm
                   CCPR4H   0x000f75       data     extern E:\3.46\pic18-lt\cxx-framework\src\traditional\proc\p18f87j50.asm
                   CCPR4L   0x000f74       data     extern E:\3.46\pic18-lt\cxx-framework\src\traditional\proc\p18f87j50.asm
                    CCPR5   0x000f71       data     extern E:\3.46\pic18-lt\cxx-framework\src\traditional\proc\p18f87j50.asm
                   CCPR5H   0x000f72       data     extern E:\3.46\pic18-lt\cxx-framework\src\traditional\proc\p18f87j50.asm
                   CCPR5L   0x000f71       data     extern E:\3.46\pic18-lt\cxx-framework\src\traditional\proc\p18f87j50.asm
                   CM1CON   0x000fd2       data     extern E:\3.46\pic18-lt\cxx-framework\src\traditional\proc\p18f87j50.asm
                  CM1CON1   0x000fd2       data     extern E:\3.46\pic18-lt\cxx-framework\src\traditional\proc\p18f87j50.asm
              CM1CON1bits   0x000fd2       data     extern E:\3.46\pic18-lt\cxx-framework\src\traditional\proc\p18f87j50.asm
               CM1CONbits   0x000fd2       data     extern E:\3.46\pic18-lt\cxx-framework\src\traditional\proc\p18f87j50.asm
                   CM2CON   0x000fd1       data     extern E:\3.46\pic18-lt\cxx-framework\src\traditional\proc\p18f87j50.asm
                  CM2CON1   0x000fd1       data     extern E:\3.46\pic18-lt\cxx-framework\src\traditional\proc\p18f87j50.asm
              CM2CON1bits   0x000fd1       data     extern E:\3.46\pic18-lt\cxx-framework\src\traditional\proc\p18f87j50.asm
               CM2CONbits   0x000fd1       data     extern E:\3.46\pic18-lt\cxx-framework\src\traditional\proc\p18f87j50.asm
                   CMSTAT   0x000f6a       data     extern E:\3.46\pic18-lt\cxx-framework\src\traditional\proc\p18f87j50.asm
                 CMSTATUS   0x000f6a       data     extern E:\3.46\pic18-lt\cxx-framework\src\traditional\proc\p18f87j50.asm
             CMSTATUSbits   0x000f6a       data     extern E:\3.46\pic18-lt\cxx-framework\src\traditional\proc\p18f87j50.asm
               CMSTATbits   0x000f6a       data     extern E:\3.46\pic18-lt\cxx-framework\src\traditional\proc\p18f87j50.asm
                   CVRCON   0x000f77       data     extern E:\3.46\pic18-lt\cxx-framework\src\traditional\proc\p18f87j50.asm
               CVRCONbits   0x000f77       data     extern E:\3.46\pic18-lt\cxx-framework\src\traditional\proc\p18f87j50.asm
                     DDRA   0x000f92       data     extern E:\3.46\pic18-lt\cxx-framework\src\traditional\proc\p18f87j50.asm
                 DDRAbits   0x000f92       data     extern E:\3.46\pic18-lt\cxx-framework\src\traditional\proc\p18f87j50.asm
                     DDRB   0x000f93       data     extern E:\3.46\pic18-lt\cxx-framework\src\traditional\proc\p18f87j50.asm
                 DDRBbits   0x000f93       data     extern E:\3.46\pic18-lt\cxx-framework\src\traditional\proc\p18f87j50.asm
                     DDRC   0x000f94       data     extern E:\3.46\pic18-lt\cxx-framework\src\traditional\proc\p18f87j50.asm
                 DDRCbits   0x000f94       data     extern E:\3.46\pic18-lt\cxx-framework\src\traditional\proc\p18f87j50.asm
                     DDRD   0x000f95       data     extern E:\3.46\pic18-lt\cxx-framework\src\traditional\proc\p18f87j50.asm
                 DDRDbits   0x000f95       data     extern E:\3.46\pic18-lt\cxx-framework\src\traditional\proc\p18f87j50.asm
                     DDRE   0x000f96       data     extern E:\3.46\pic18-lt\cxx-framework\src\traditional\proc\p18f87j50.asm
                 DDREbits   0x000f96       data     extern E:\3.46\pic18-lt\cxx-framework\src\traditional\proc\p18f87j50.asm
                     DDRF   0x000f97       data     extern E:\3.46\pic18-lt\cxx-framework\src\traditional\proc\p18f87j50.asm
                 DDRFbits   0x000f97       data     extern E:\3.46\pic18-lt\cxx-framework\src\traditional\proc\p18f87j50.asm
                     DDRG   0x000f98       data     extern E:\3.46\pic18-lt\cxx-framework\src\traditional\proc\p18f87j50.asm
                 DDRGbits   0x000f98       data     extern E:\3.46\pic18-lt\cxx-framework\src\traditional\proc\p18f87j50.asm
                     DDRH   0x000f99       data     extern E:\3.46\pic18-lt\cxx-framework\src\traditional\proc\p18f87j50.asm
                 DDRHbits   0x000f99       data     extern E:\3.46\pic18-lt\cxx-framework\src\traditional\proc\p18f87j50.asm
                     DDRJ   0x000f9a       data     extern E:\3.46\pic18-lt\cxx-framework\src\traditional\proc\p18f87j50.asm
                 DDRJbits   0x000f9a       data     extern E:\3.46\pic18-lt\cxx-framework\src\traditional\proc\p18f87j50.asm
            DelayCounter1   0x000015       data     extern E:\3.46\pic18-lt\cxx-framework\src\traditional\delays\delayd1.asm
            DelayCounter2   0x000014       data     extern E:\3.46\pic18-lt\cxx-framework\src\traditional\delays\delayd2.asm
                  ECCP1AS   0x000fbf       data     extern E:\3.46\pic18-lt\cxx-framework\src\traditional\proc\p18f87j50.asm
              ECCP1ASbits   0x000fbf       data     extern E:\3.46\pic18-lt\cxx-framework\src\traditional\proc\p18f87j50.asm
                 ECCP1CON   0x000fbb       data     extern E:\3.46\pic18-lt\cxx-framework\src\traditional\proc\p18f87j50.asm
             ECCP1CONbits   0x000fbb       data     extern E:\3.46\pic18-lt\cxx-framework\src\traditional\proc\p18f87j50.asm
                 ECCP1DEL   0x000fbe       data     extern E:\3.46\pic18-lt\cxx-framework\src\traditional\proc\p18f87j50.asm
             ECCP1DELbits   0x000fbe       data     extern E:\3.46\pic18-lt\cxx-framework\src\traditional\proc\p18f87j50.asm
                  ECCP2AS   0x000fba       data     extern E:\3.46\pic18-lt\cxx-framework\src\traditional\proc\p18f87j50.asm
              ECCP2ASbits   0x000fba       data     extern E:\3.46\pic18-lt\cxx-framework\src\traditional\proc\p18f87j50.asm
                 ECCP2CON   0x000fb6       data     extern E:\3.46\pic18-lt\cxx-framework\src\traditional\proc\p18f87j50.asm
             ECCP2CONbits   0x000fb6       data     extern E:\3.46\pic18-lt\cxx-framework\src\traditional\proc\p18f87j50.asm
                 ECCP2DEL   0x000fb9       data     extern E:\3.46\pic18-lt\cxx-framework\src\traditional\proc\p18f87j50.asm
             ECCP2DELbits   0x000fb9       data     extern E:\3.46\pic18-lt\cxx-framework\src\traditional\proc\p18f87j50.asm
                  ECCP3AS   0x000fb5       data     extern E:\3.46\pic18-lt\cxx-framework\src\traditional\proc\p18f87j50.asm
              ECCP3ASbits   0x000fb5       data     extern E:\3.46\pic18-lt\cxx-framework\src\traditional\proc\p18f87j50.asm
                 ECCP3CON   0x000fb1       data     extern E:\3.46\pic18-lt\cxx-framework\src\traditional\proc\p18f87j50.asm
             ECCP3CONbits   0x000fb1       data     extern E:\3.46\pic18-lt\cxx-framework\src\traditional\proc\p18f87j50.asm
                 ECCP3DEL   0x000fb4       data     extern E:\3.46\pic18-lt\cxx-framework\src\traditional\proc\p18f87j50.asm
             ECCP3DELbits   0x000fb4       data     extern E:\3.46\pic18-lt\cxx-framework\src\traditional\proc\p18f87j50.asm
                   EECON1   0x000fa6       data     extern E:\3.46\pic18-lt\cxx-framework\src\traditional\proc\p18f87j50.asm
               EECON1bits   0x000fa6       data     extern E:\3.46\pic18-lt\cxx-framework\src\traditional\proc\p18f87j50.asm
                   EECON2   0x000fa7       data     extern E:\3.46\pic18-lt\cxx-framework\src\traditional\proc\p18f87j50.asm
                     FSR0   0x000fe9       data     extern E:\3.46\pic18-lt\cxx-framework\src\traditional\proc\p18f87j50.asm
                    FSR0H   0x000fea       data     extern E:\3.46\pic18-lt\cxx-framework\src\traditional\proc\p18f87j50.asm
                    FSR0L   0x000fe9       data     extern E:\3.46\pic18-lt\cxx-framework\src\traditional\proc\p18f87j50.asm
                     FSR1   0x000fe1       data     extern E:\3.46\pic18-lt\cxx-framework\src\traditional\proc\p18f87j50.asm
                    FSR1H   0x000fe2       data     extern E:\3.46\pic18-lt\cxx-framework\src\traditional\proc\p18f87j50.asm
                    FSR1L   0x000fe1       data     extern E:\3.46\pic18-lt\cxx-framework\src\traditional\proc\p18f87j50.asm
                     FSR2   0x000fd9       data     extern E:\3.46\pic18-lt\cxx-framework\src\traditional\proc\p18f87j50.asm
                    FSR2H   0x000fda       data     extern E:\3.46\pic18-lt\cxx-framework\src\traditional\proc\p18f87j50.asm
                    FSR2L   0x000fd9       data     extern E:\3.46\pic18-lt\cxx-framework\src\traditional\proc\p18f87j50.asm
                    INDF0   0x000fef       data     extern E:\3.46\pic18-lt\cxx-framework\src\traditional\proc\p18f87j50.asm
                    INDF1   0x000fe7       data     extern E:\3.46\pic18-lt\cxx-framework\src\traditional\proc\p18f87j50.asm
                    INDF2   0x000fdf       data     extern E:\3.46\pic18-lt\cxx-framework\src\traditional\proc\p18f87j50.asm
                   INTCON   0x000ff2       data     extern E:\3.46\pic18-lt\cxx-framework\src\traditional\proc\p18f87j50.asm
                  INTCON2   0x000ff1       data     extern E:\3.46\pic18-lt\cxx-framework\src\traditional\proc\p18f87j50.asm
              INTCON2bits   0x000ff1       data     extern E:\3.46\pic18-lt\cxx-framework\src\traditional\proc\p18f87j50.asm
                  INTCON3   0x000ff0       data     extern E:\3.46\pic18-lt\cxx-framework\src\traditional\proc\p18f87j50.asm
              INTCON3bits   0x000ff0       data     extern E:\3.46\pic18-lt\cxx-framework\src\traditional\proc\p18f87j50.asm
               INTCONbits   0x000ff2       data     extern E:\3.46\pic18-lt\cxx-framework\src\traditional\proc\p18f87j50.asm
                     IPR1   0x000f9f       data     extern E:\3.46\pic18-lt\cxx-framework\src\traditional\proc\p18f87j50.asm
                 IPR1bits   0x000f9f       data     extern E:\3.46\pic18-lt\cxx-framework\src\traditional\proc\p18f87j50.asm
                     IPR2   0x000fa2       data     extern E:\3.46\pic18-lt\cxx-framework\src\traditional\proc\p18f87j50.asm
                 IPR2bits   0x000fa2       data     extern E:\3.46\pic18-lt\cxx-framework\src\traditional\proc\p18f87j50.asm
                     IPR3   0x000fa5       data     extern E:\3.46\pic18-lt\cxx-framework\src\traditional\proc\p18f87j50.asm
                 IPR3bits   0x000fa5       data     extern E:\3.46\pic18-lt\cxx-framework\src\traditional\proc\p18f87j50.asm
                     LATA   0x000f89       data     extern E:\3.46\pic18-lt\cxx-framework\src\traditional\proc\p18f87j50.asm
                 LATAbits   0x000f89       data     extern E:\3.46\pic18-lt\cxx-framework\src\traditional\proc\p18f87j50.asm
                     LATB   0x000f8a       data     extern E:\3.46\pic18-lt\cxx-framework\src\traditional\proc\p18f87j50.asm
                 LATBbits   0x000f8a       data     extern E:\3.46\pic18-lt\cxx-framework\src\traditional\proc\p18f87j50.asm
                     LATC   0x000f8b       data     extern E:\3.46\pic18-lt\cxx-framework\src\traditional\proc\p18f87j50.asm
                 LATCbits   0x000f8b       data     extern E:\3.46\pic18-lt\cxx-framework\src\traditional\proc\p18f87j50.asm
                     LATD   0x000f8c       data     extern E:\3.46\pic18-lt\cxx-framework\src\traditional\proc\p18f87j50.asm
                 LATDbits   0x000f8c       data     extern E:\3.46\pic18-lt\cxx-framework\src\traditional\proc\p18f87j50.asm
                     LATE   0x000f8d       data     extern E:\3.46\pic18-lt\cxx-framework\src\traditional\proc\p18f87j50.asm
                 LATEbits   0x000f8d       data     extern E:\3.46\pic18-lt\cxx-framework\src\traditional\proc\p18f87j50.asm
                     LATF   0x000f8e       data     extern E:\3.46\pic18-lt\cxx-framework\src\traditional\proc\p18f87j50.asm
                 LATFbits   0x000f8e       data     extern E:\3.46\pic18-lt\cxx-framework\src\traditional\proc\p18f87j50.asm
                     LATG   0x000f8f       data     extern E:\3.46\pic18-lt\cxx-framework\src\traditional\proc\p18f87j50.asm
                 LATGbits   0x000f8f       data     extern E:\3.46\pic18-lt\cxx-framework\src\traditional\proc\p18f87j50.asm
                     LATH   0x000f90       data     extern E:\3.46\pic18-lt\cxx-framework\src\traditional\proc\p18f87j50.asm
                 LATHbits   0x000f90       data     extern E:\3.46\pic18-lt\cxx-framework\src\traditional\proc\p18f87j50.asm
                     LATJ   0x000f91       data     extern E:\3.46\pic18-lt\cxx-framework\src\traditional\proc\p18f87j50.asm
                 LATJbits   0x000f91       data     extern E:\3.46\pic18-lt\cxx-framework\src\traditional\proc\p18f87j50.asm
                   MEMCON   0x000fcb       data     extern E:\3.46\pic18-lt\cxx-framework\src\traditional\proc\p18f87j50.asm
               MEMCONbits   0x000fcb       data     extern E:\3.46\pic18-lt\cxx-framework\src\traditional\proc\p18f87j50.asm
                  MOT_ACK   0x000f18       data     static Z:\Annee2019-2020\1SN\RobotPiscine\ProjetRobotPiscine\ProjetRobotPiscine\CodeProjet\includes\lib_mot_moway.h
                  MOT_ACK   0x000f0d       data     static Z:\Annee2019-2020\1SN\RobotPiscine\ProjetRobotPiscine\ProjetRobotPiscine\CodeProjet\includes\lib_mot_moway.h
                  MOT_ACK   0x000f12       data     static Z:\Annee2019-2020\1SN\RobotPiscine\ProjetRobotPiscine\ProjetRobotPiscine\CodeProjet\includes\lib_mot_moway.h
                  MOT_ACK   0x000f15       data     static Z:\Annee2019-2020\1SN\RobotPiscine\ProjetRobotPiscine\ProjetRobotPiscine\CodeProjet\includes\lib_mot_moway.h
               MOT_COMAND   0x000f0b       data     static Z:\Annee2019-2020\1SN\RobotPiscine\ProjetRobotPiscine\ProjetRobotPiscine\CodeProjet\includes\lib_mot_moway.h
               MOT_COMAND   0x000f0c       data     static Z:\Annee2019-2020\1SN\RobotPiscine\ProjetRobotPiscine\ProjetRobotPiscine\CodeProjet\includes\lib_mot_moway.h
               MOT_COMAND   0x000f0a       data     static Z:\Annee2019-2020\1SN\RobotPiscine\ProjetRobotPiscine\ProjetRobotPiscine\CodeProjet\includes\lib_mot_moway.h
               MOT_COMAND   0x000f09       data     static Z:\Annee2019-2020\1SN\RobotPiscine\ProjetRobotPiscine\ProjetRobotPiscine\CodeProjet\includes\lib_mot_moway.h
               MOT_COMAND   0x000f08       data     static Z:\Annee2019-2020\1SN\RobotPiscine\ProjetRobotPiscine\ProjetRobotPiscine\CodeProjet\includes\lib_mot_moway.h
               MOT_RE_SND   0x000f17       data     static Z:\Annee2019-2020\1SN\RobotPiscine\ProjetRobotPiscine\ProjetRobotPiscine\CodeProjet\includes\lib_mot_moway.h
               MOT_RE_SND   0x000f0f       data     static Z:\Annee2019-2020\1SN\RobotPiscine\ProjetRobotPiscine\ProjetRobotPiscine\CodeProjet\includes\lib_mot_moway.h
               MOT_RE_SND   0x000f1a       data     static Z:\Annee2019-2020\1SN\RobotPiscine\ProjetRobotPiscine\ProjetRobotPiscine\CodeProjet\includes\lib_mot_moway.h
               MOT_RE_SND   0x000f14       data     static Z:\Annee2019-2020\1SN\RobotPiscine\ProjetRobotPiscine\ProjetRobotPiscine\CodeProjet\includes\lib_mot_moway.h
               MOT_SND_OK   0x000f0e       data     static Z:\Annee2019-2020\1SN\RobotPiscine\ProjetRobotPiscine\ProjetRobotPiscine\CodeProjet\includes\lib_mot_moway.h
               MOT_SND_OK   0x000f13       data     static Z:\Annee2019-2020\1SN\RobotPiscine\ProjetRobotPiscine\ProjetRobotPiscine\CodeProjet\includes\lib_mot_moway.h
               MOT_SND_OK   0x000f16       data     static Z:\Annee2019-2020\1SN\RobotPiscine\ProjetRobotPiscine\ProjetRobotPiscine\CodeProjet\includes\lib_mot_moway.h
               MOT_SND_OK   0x000f19       data     static Z:\Annee2019-2020\1SN\RobotPiscine\ProjetRobotPiscine\ProjetRobotPiscine\CodeProjet\includes\lib_mot_moway.h
          MOT_STATUS_DATA   0x000f10       data     static Z:\Annee2019-2020\1SN\RobotPiscine\ProjetRobotPiscine\ProjetRobotPiscine\CodeProjet\includes\lib_mot_moway.h
                   ODCON1   0x000fcf       data     extern E:\3.46\pic18-lt\cxx-framework\src\traditional\proc\p18f87j50.asm
               ODCON1bits   0x000fcf       data     extern E:\3.46\pic18-lt\cxx-framework\src\traditional\proc\p18f87j50.asm
                   ODCON2   0x000fce       data     extern E:\3.46\pic18-lt\cxx-framework\src\traditional\proc\p18f87j50.asm
               ODCON2bits   0x000fce       data     extern E:\3.46\pic18-lt\cxx-framework\src\traditional\proc\p18f87j50.asm
                   ODCON3   0x000fcd       data     extern E:\3.46\pic18-lt\cxx-framework\src\traditional\proc\p18f87j50.asm
               ODCON3bits   0x000fcd       data     extern E:\3.46\pic18-lt\cxx-framework\src\traditional\proc\p18f87j50.asm
                   OSCCON   0x000fd3       data     extern E:\3.46\pic18-lt\cxx-framework\src\traditional\proc\p18f87j50.asm
               OSCCONbits   0x000fd3       data     extern E:\3.46\pic18-lt\cxx-framework\src\traditional\proc\p18f87j50.asm
                  OSCTUNE   0x000f9b       data     extern E:\3.46\pic18-lt\cxx-framework\src\traditional\proc\p18f87j50.asm
              OSCTUNEbits   0x000f9b       data     extern E:\3.46\pic18-lt\cxx-framework\src\traditional\proc\p18f87j50.asm
                  PADCFG1   0x000fcc       data     extern E:\3.46\pic18-lt\cxx-framework\src\traditional\proc\p18f87j50.asm
              PADCFG1bits   0x000fcc       data     extern E:\3.46\pic18-lt\cxx-framework\src\traditional\proc\p18f87j50.asm
                       PC   0x000ff9       data     extern E:\3.46\pic18-lt\cxx-framework\src\traditional\proc\p18f87j50.asm
                      PCL   0x000ff9       data     extern E:\3.46\pic18-lt\cxx-framework\src\traditional\proc\p18f87j50.asm
                   PCLATH   0x000ffa       data     extern E:\3.46\pic18-lt\cxx-framework\src\traditional\proc\p18f87j50.asm
                   PCLATU   0x000ffb       data     extern E:\3.46\pic18-lt\cxx-framework\src\traditional\proc\p18f87j50.asm
                     PIE1   0x000f9d       data     extern E:\3.46\pic18-lt\cxx-framework\src\traditional\proc\p18f87j50.asm
                 PIE1bits   0x000f9d       data     extern E:\3.46\pic18-lt\cxx-framework\src\traditional\proc\p18f87j50.asm
                     PIE2   0x000fa0       data     extern E:\3.46\pic18-lt\cxx-framework\src\traditional\proc\p18f87j50.asm
                 PIE2bits   0x000fa0       data     extern E:\3.46\pic18-lt\cxx-framework\src\traditional\proc\p18f87j50.asm
                     PIE3   0x000fa3       data     extern E:\3.46\pic18-lt\cxx-framework\src\traditional\proc\p18f87j50.asm
                 PIE3bits   0x000fa3       data     extern E:\3.46\pic18-lt\cxx-framework\src\traditional\proc\p18f87j50.asm
                     PIR1   0x000f9e       data     extern E:\3.46\pic18-lt\cxx-framework\src\traditional\proc\p18f87j50.asm
                 PIR1bits   0x000f9e       data     extern E:\3.46\pic18-lt\cxx-framework\src\traditional\proc\p18f87j50.asm
                     PIR2   0x000fa1       data     extern E:\3.46\pic18-lt\cxx-framework\src\traditional\proc\p18f87j50.asm
                 PIR2bits   0x000fa1       data     extern E:\3.46\pic18-lt\cxx-framework\src\traditional\proc\p18f87j50.asm
                     PIR3   0x000fa4       data     extern E:\3.46\pic18-lt\cxx-framework\src\traditional\proc\p18f87j50.asm
                 PIR3bits   0x000fa4       data     extern E:\3.46\pic18-lt\cxx-framework\src\traditional\proc\p18f87j50.asm
                   PLUSW0   0x000feb       data     extern E:\3.46\pic18-lt\cxx-framework\src\traditional\proc\p18f87j50.asm
                   PLUSW1   0x000fe3       data     extern E:\3.46\pic18-lt\cxx-framework\src\traditional\proc\p18f87j50.asm
                   PLUSW2   0x000fdb       data     extern E:\3.46\pic18-lt\cxx-framework\src\traditional\proc\p18f87j50.asm
                   PMADDR   0x000f68       data     extern E:\3.46\pic18-lt\cxx-framework\src\traditional\proc\p18f87j50.asm
                  PMADDRH   0x000f69       data     extern E:\3.46\pic18-lt\cxx-framework\src\traditional\proc\p18f87j50.asm
              PMADDRHbits   0x000f69       data     extern E:\3.46\pic18-lt\cxx-framework\src\traditional\proc\p18f87j50.asm
                  PMADDRL   0x000f68       data     extern E:\3.46\pic18-lt\cxx-framework\src\traditional\proc\p18f87j50.asm
                    PMCON   0x000f4a       data     extern E:\3.46\pic18-lt\cxx-framework\src\traditional\proc\p18f87j50.asm
                   PMCONH   0x000f4b       data     extern E:\3.46\pic18-lt\cxx-framework\src\traditional\proc\p18f87j50.asm
               PMCONHbits   0x000f4b       data     extern E:\3.46\pic18-lt\cxx-framework\src\traditional\proc\p18f87j50.asm
                   PMCONL   0x000f4a       data     extern E:\3.46\pic18-lt\cxx-framework\src\traditional\proc\p18f87j50.asm
               PMCONLbits   0x000f4a       data     extern E:\3.46\pic18-lt\cxx-framework\src\traditional\proc\p18f87j50.asm
                   PMDIN1   0x000f66       data     extern E:\3.46\pic18-lt\cxx-framework\src\traditional\proc\p18f87j50.asm
                  PMDIN1H   0x000f67       data     extern E:\3.46\pic18-lt\cxx-framework\src\traditional\proc\p18f87j50.asm
                  PMDIN1L   0x000f66       data     extern E:\3.46\pic18-lt\cxx-framework\src\traditional\proc\p18f87j50.asm
                   PMDIN2   0x000f44       data     extern E:\3.46\pic18-lt\cxx-framework\src\traditional\proc\p18f87j50.asm
                  PMDIN2H   0x000f45       data     extern E:\3.46\pic18-lt\cxx-framework\src\traditional\proc\p18f87j50.asm
                  PMDIN2L   0x000f44       data     extern E:\3.46\pic18-lt\cxx-framework\src\traditional\proc\p18f87j50.asm
                  PMDOUT1   0x000f68       data     extern E:\3.46\pic18-lt\cxx-framework\src\traditional\proc\p18f87j50.asm
                 PMDOUT1H   0x000f69       data     extern E:\3.46\pic18-lt\cxx-framework\src\traditional\proc\p18f87j50.asm
                 PMDOUT1L   0x000f68       data     extern E:\3.46\pic18-lt\cxx-framework\src\traditional\proc\p18f87j50.asm
                  PMDOUT2   0x000f46       data     extern E:\3.46\pic18-lt\cxx-framework\src\traditional\proc\p18f87j50.asm
                 PMDOUT2H   0x000f47       data     extern E:\3.46\pic18-lt\cxx-framework\src\traditional\proc\p18f87j50.asm
                 PMDOUT2L   0x000f46       data     extern E:\3.46\pic18-lt\cxx-framework\src\traditional\proc\p18f87j50.asm
                     PMEH   0x000f43       data     extern E:\3.46\pic18-lt\cxx-framework\src\traditional\proc\p18f87j50.asm
                 PMEHbits   0x000f43       data     extern E:\3.46\pic18-lt\cxx-framework\src\traditional\proc\p18f87j50.asm
                     PMEL   0x000f42       data     extern E:\3.46\pic18-lt\cxx-framework\src\traditional\proc\p18f87j50.asm
                 PMELbits   0x000f42       data     extern E:\3.46\pic18-lt\cxx-framework\src\traditional\proc\p18f87j50.asm
                     PMEN   0x000f42       data     extern E:\3.46\pic18-lt\cxx-framework\src\traditional\proc\p18f87j50.asm
                   PMMODE   0x000f48       data     extern E:\3.46\pic18-lt\cxx-framework\src\traditional\proc\p18f87j50.asm
                  PMMODEH   0x000f49       data     extern E:\3.46\pic18-lt\cxx-framework\src\traditional\proc\p18f87j50.asm
              PMMODEHbits   0x000f49       data     extern E:\3.46\pic18-lt\cxx-framework\src\traditional\proc\p18f87j50.asm
                  PMMODEL   0x000f48       data     extern E:\3.46\pic18-lt\cxx-framework\src\traditional\proc\p18f87j50.asm
              PMMODELbits   0x000f48       data     extern E:\3.46\pic18-lt\cxx-framework\src\traditional\proc\p18f87j50.asm
                   PMSTAT   0x000f40       data     extern E:\3.46\pic18-lt\cxx-framework\src\traditional\proc\p18f87j50.asm
                  PMSTATH   0x000f41       data     extern E:\3.46\pic18-lt\cxx-framework\src\traditional\proc\p18f87j50.asm
              PMSTATHbits   0x000f41       data     extern E:\3.46\pic18-lt\cxx-framework\src\traditional\proc\p18f87j50.asm
                  PMSTATL   0x000f40       data     extern E:\3.46\pic18-lt\cxx-framework\src\traditional\proc\p18f87j50.asm
              PMSTATLbits   0x000f40       data     extern E:\3.46\pic18-lt\cxx-framework\src\traditional\proc\p18f87j50.asm
                    PORTA   0x000f80       data     extern E:\3.46\pic18-lt\cxx-framework\src\traditional\proc\p18f87j50.asm
                PORTAbits   0x000f80       data     extern E:\3.46\pic18-lt\cxx-framework\src\traditional\proc\p18f87j50.asm
                    PORTB   0x000f81       data     extern E:\3.46\pic18-lt\cxx-framework\src\traditional\proc\p18f87j50.asm
                PORTBbits   0x000f81       data     extern E:\3.46\pic18-lt\cxx-framework\src\traditional\proc\p18f87j50.asm
                    PORTC   0x000f82       data     extern E:\3.46\pic18-lt\cxx-framework\src\traditional\proc\p18f87j50.asm
                PORTCbits   0x000f82       data     extern E:\3.46\pic18-lt\cxx-framework\src\traditional\proc\p18f87j50.asm
                    PORTD   0x000f83       data     extern E:\3.46\pic18-lt\cxx-framework\src\traditional\proc\p18f87j50.asm
                PORTDbits   0x000f83       data     extern E:\3.46\pic18-lt\cxx-framework\src\traditional\proc\p18f87j50.asm
                    PORTE   0x000f84       data     extern E:\3.46\pic18-lt\cxx-framework\src\traditional\proc\p18f87j50.asm
                PORTEbits   0x000f84       data     extern E:\3.46\pic18-lt\cxx-framework\src\traditional\proc\p18f87j50.asm
                    PORTF   0x000f85       data     extern E:\3.46\pic18-lt\cxx-framework\src\traditional\proc\p18f87j50.asm
                PORTFbits   0x000f85       data     extern E:\3.46\pic18-lt\cxx-framework\src\traditional\proc\p18f87j50.asm
                    PORTG   0x000f86       data     extern E:\3.46\pic18-lt\cxx-framework\src\traditional\proc\p18f87j50.asm
                PORTGbits   0x000f86       data     extern E:\3.46\pic18-lt\cxx-framework\src\traditional\proc\p18f87j50.asm
                    PORTH   0x000f87       data     extern E:\3.46\pic18-lt\cxx-framework\src\traditional\proc\p18f87j50.asm
                PORTHbits   0x000f87       data     extern E:\3.46\pic18-lt\cxx-framework\src\traditional\proc\p18f87j50.asm
                    PORTJ   0x000f88       data     extern E:\3.46\pic18-lt\cxx-framework\src\traditional\proc\p18f87j50.asm
                PORTJbits   0x000f88       data     extern E:\3.46\pic18-lt\cxx-framework\src\traditional\proc\p18f87j50.asm
                 POSTDEC0   0x000fed       data     extern E:\3.46\pic18-lt\cxx-framework\src\traditional\proc\p18f87j50.asm
                 POSTDEC1   0x000fe5       data     extern E:\3.46\pic18-lt\cxx-framework\src\traditional\proc\p18f87j50.asm
                 POSTDEC2   0x000fdd       data     extern E:\3.46\pic18-lt\cxx-framework\src\traditional\proc\p18f87j50.asm
                 POSTINC0   0x000fee       data     extern E:\3.46\pic18-lt\cxx-framework\src\traditional\proc\p18f87j50.asm
                 POSTINC1   0x000fe6       data     extern E:\3.46\pic18-lt\cxx-framework\src\traditional\proc\p18f87j50.asm
                 POSTINC2   0x000fde       data     extern E:\3.46\pic18-lt\cxx-framework\src\traditional\proc\p18f87j50.asm
                      PR2   0x000fcb       data     extern E:\3.46\pic18-lt\cxx-framework\src\traditional\proc\p18f87j50.asm
                      PR4   0x000f77       data     extern E:\3.46\pic18-lt\cxx-framework\src\traditional\proc\p18f87j50.asm
                  PREINC0   0x000fec       data     extern E:\3.46\pic18-lt\cxx-framework\src\traditional\proc\p18f87j50.asm
                  PREINC1   0x000fe4       data     extern E:\3.46\pic18-lt\cxx-framework\src\traditional\proc\p18f87j50.asm
                  PREINC2   0x000fdc       data     extern E:\3.46\pic18-lt\cxx-framework\src\traditional\proc\p18f87j50.asm
                     PROD   0x000ff3       data     extern E:\3.46\pic18-lt\cxx-framework\src\traditional\proc\p18f87j50.asm
                    PRODH   0x000ff4       data     extern E:\3.46\pic18-lt\cxx-framework\src\traditional\proc\p18f87j50.asm
                    PRODL   0x000ff3       data     extern E:\3.46\pic18-lt\cxx-framework\src\traditional\proc\p18f87j50.asm
                     RCON   0x000fd0       data     extern E:\3.46\pic18-lt\cxx-framework\src\traditional\proc\p18f87j50.asm
                 RCONbits   0x000fd0       data     extern E:\3.46\pic18-lt\cxx-framework\src\traditional\proc\p18f87j50.asm
                    RCREG   0x000faf       data     extern E:\3.46\pic18-lt\cxx-framework\src\traditional\proc\p18f87j50.asm
                   RCREG1   0x000faf       data     extern E:\3.46\pic18-lt\cxx-framework\src\traditional\proc\p18f87j50.asm
                   RCREG2   0x000faa       data     extern E:\3.46\pic18-lt\cxx-framework\src\traditional\proc\p18f87j50.asm
                    RCSTA   0x000fac       data     extern E:\3.46\pic18-lt\cxx-framework\src\traditional\proc\p18f87j50.asm
                   RCSTA1   0x000fac       data     extern E:\3.46\pic18-lt\cxx-framework\src\traditional\proc\p18f87j50.asm
               RCSTA1bits   0x000fac       data     extern E:\3.46\pic18-lt\cxx-framework\src\traditional\proc\p18f87j50.asm
                   RCSTA2   0x000f9c       data     extern E:\3.46\pic18-lt\cxx-framework\src\traditional\proc\p18f87j50.asm
               RCSTA2bits   0x000f9c       data     extern E:\3.46\pic18-lt\cxx-framework\src\traditional\proc\p18f87j50.asm
                RCSTAbits   0x000fac       data     extern E:\3.46\pic18-lt\cxx-framework\src\traditional\proc\p18f87j50.asm
                  REFOCON   0x000fd3       data     extern E:\3.46\pic18-lt\cxx-framework\src\traditional\proc\p18f87j50.asm
              REFOCONbits   0x000fd3       data     extern E:\3.46\pic18-lt\cxx-framework\src\traditional\proc\p18f87j50.asm
       SEN_ACCE_BYTE_IN_1   0x000f03       data     static Z:\Annee2019-2020\1SN\RobotPiscine\ProjetRobotPiscine\ProjetRobotPiscine\CodeProjet\includes\lib_sen_moway.h
       SEN_ACCE_BYTE_IN_1   0x000f07       data     static Z:\Annee2019-2020\1SN\RobotPiscine\ProjetRobotPiscine\ProjetRobotPiscine\CodeProjet\includes\lib_sen_moway.h
       SEN_ACCE_BYTE_IN_2   0x000f02       data     static Z:\Annee2019-2020\1SN\RobotPiscine\ProjetRobotPiscine\ProjetRobotPiscine\CodeProjet\includes\lib_sen_moway.h
       SEN_ACCE_BYTE_IN_2   0x000f06       data     static Z:\Annee2019-2020\1SN\RobotPiscine\ProjetRobotPiscine\ProjetRobotPiscine\CodeProjet\includes\lib_sen_moway.h
      SEN_ACCE_BYTE_OUT_1   0x000f00       data     static Z:\Annee2019-2020\1SN\RobotPiscine\ProjetRobotPiscine\ProjetRobotPiscine\CodeProjet\includes\lib_sen_moway.h
      SEN_ACCE_BYTE_OUT_1   0x000f04       data     static Z:\Annee2019-2020\1SN\RobotPiscine\ProjetRobotPiscine\ProjetRobotPiscine\CodeProjet\includes\lib_sen_moway.h
      SEN_ACCE_BYTE_OUT_2   0x000f01       data     static Z:\Annee2019-2020\1SN\RobotPiscine\ProjetRobotPiscine\ProjetRobotPiscine\CodeProjet\includes\lib_sen_moway.h
      SEN_ACCE_BYTE_OUT_2   0x000f05       data     static Z:\Annee2019-2020\1SN\RobotPiscine\ProjetRobotPiscine\ProjetRobotPiscine\CodeProjet\includes\lib_sen_moway.h
                     SIGN   0x000000       data     extern E:\3.46\pic18-lt\cxx-framework\src\traditional\math\cmath18.asm
                    SPBRG   0x000fb0       data     extern E:\3.46\pic18-lt\cxx-framework\src\traditional\proc\p18f87j50.asm
                   SPBRG1   0x000fb0       data     extern E:\3.46\pic18-lt\cxx-framework\src\traditional\proc\p18f87j50.asm
                   SPBRG2   0x000fab       data     extern E:\3.46\pic18-lt\cxx-framework\src\traditional\proc\p18f87j50.asm
                   SPBRGH   0x000f7f       data     extern E:\3.46\pic18-lt\cxx-framework\src\traditional\proc\p18f87j50.asm
                  SPBRGH1   0x000f7f       data     extern E:\3.46\pic18-lt\cxx-framework\src\traditional\proc\p18f87j50.asm
                  SPBRGH2   0x000f7d       data     extern E:\3.46\pic18-lt\cxx-framework\src\traditional\proc\p18f87j50.asm
                  SSP1ADD   0x000fc8       data     extern E:\3.46\pic18-lt\cxx-framework\src\traditional\proc\p18f87j50.asm
                  SSP1BUF   0x000fc9       data     extern E:\3.46\pic18-lt\cxx-framework\src\traditional\proc\p18f87j50.asm
                 SSP1CON1   0x000fc6       data     extern E:\3.46\pic18-lt\cxx-framework\src\traditional\proc\p18f87j50.asm
             SSP1CON1bits   0x000fc6       data     extern E:\3.46\pic18-lt\cxx-framework\src\traditional\proc\p18f87j50.asm
                 SSP1CON2   0x000fc5       data     extern E:\3.46\pic18-lt\cxx-framework\src\traditional\proc\p18f87j50.asm
             SSP1CON2bits   0x000fc5       data     extern E:\3.46\pic18-lt\cxx-framework\src\traditional\proc\p18f87j50.asm
                  SSP1MSK   0x000fc8       data     extern E:\3.46\pic18-lt\cxx-framework\src\traditional\proc\p18f87j50.asm
              SSP1MSKbits   0x000fc8       data     extern E:\3.46\pic18-lt\cxx-framework\src\traditional\proc\p18f87j50.asm
                 SSP1STAT   0x000fc7       data     extern E:\3.46\pic18-lt\cxx-framework\src\traditional\proc\p18f87j50.asm
             SSP1STATbits   0x000fc7       data     extern E:\3.46\pic18-lt\cxx-framework\src\traditional\proc\p18f87j50.asm
                  SSP2ADD   0x000f6e       data     extern E:\3.46\pic18-lt\cxx-framework\src\traditional\proc\p18f87j50.asm
                  SSP2BUF   0x000f6f       data     extern E:\3.46\pic18-lt\cxx-framework\src\traditional\proc\p18f87j50.asm
                 SSP2CON1   0x000f6c       data     extern E:\3.46\pic18-lt\cxx-framework\src\traditional\proc\p18f87j50.asm
             SSP2CON1bits   0x000f6c       data     extern E:\3.46\pic18-lt\cxx-framework\src\traditional\proc\p18f87j50.asm
                 SSP2CON2   0x000f6b       data     extern E:\3.46\pic18-lt\cxx-framework\src\traditional\proc\p18f87j50.asm
             SSP2CON2bits   0x000f6b       data     extern E:\3.46\pic18-lt\cxx-framework\src\traditional\proc\p18f87j50.asm
                  SSP2MSK   0x000f6e       data     extern E:\3.46\pic18-lt\cxx-framework\src\traditional\proc\p18f87j50.asm
              SSP2MSKbits   0x000f6e       data     extern E:\3.46\pic18-lt\cxx-framework\src\traditional\proc\p18f87j50.asm
                 SSP2STAT   0x000f6d       data     extern E:\3.46\pic18-lt\cxx-framework\src\traditional\proc\p18f87j50.asm
             SSP2STATbits   0x000f6d       data     extern E:\3.46\pic18-lt\cxx-framework\src\traditional\proc\p18f87j50.asm
                   SSPADD   0x000fc8       data     extern E:\3.46\pic18-lt\cxx-framework\src\traditional\proc\p18f87j50.asm
                   SSPBUF   0x000fc9       data     extern E:\3.46\pic18-lt\cxx-framework\src\traditional\proc\p18f87j50.asm
                  SSPCON1   0x000fc6       data     extern E:\3.46\pic18-lt\cxx-framework\src\traditional\proc\p18f87j50.asm
              SSPCON1bits   0x000fc6       data     extern E:\3.46\pic18-lt\cxx-framework\src\traditional\proc\p18f87j50.asm
                  SSPCON2   0x000fc5       data     extern E:\3.46\pic18-lt\cxx-framework\src\traditional\proc\p18f87j50.asm
              SSPCON2bits   0x000fc5       data     extern E:\3.46\pic18-lt\cxx-framework\src\traditional\proc\p18f87j50.asm
                  SSPSTAT   0x000fc7       data     extern E:\3.46\pic18-lt\cxx-framework\src\traditional\proc\p18f87j50.asm
              SSPSTATbits   0x000fc7       data     extern E:\3.46\pic18-lt\cxx-framework\src\traditional\proc\p18f87j50.asm
                   STATUS   0x000fd8       data     extern E:\3.46\pic18-lt\cxx-framework\src\traditional\proc\p18f87j50.asm
               STATUSbits   0x000fd8       data     extern E:\3.46\pic18-lt\cxx-framework\src\traditional\proc\p18f87j50.asm
                   STKPTR   0x000ffc       data     extern E:\3.46\pic18-lt\cxx-framework\src\traditional\proc\p18f87j50.asm
               STKPTRbits   0x000ffc       data     extern E:\3.46\pic18-lt\cxx-framework\src\traditional\proc\p18f87j50.asm
                    T0CON   0x000fd5       data     extern E:\3.46\pic18-lt\cxx-framework\src\traditional\proc\p18f87j50.asm
                T0CONbits   0x000fd5       data     extern E:\3.46\pic18-lt\cxx-framework\src\traditional\proc\p18f87j50.asm
                    T1CON   0x000fcd       data     extern E:\3.46\pic18-lt\cxx-framework\src\traditional\proc\p18f87j50.asm
                T1CONbits   0x000fcd       data     extern E:\3.46\pic18-lt\cxx-framework\src\traditional\proc\p18f87j50.asm
                    T2CON   0x000fca       data     extern E:\3.46\pic18-lt\cxx-framework\src\traditional\proc\p18f87j50.asm
                T2CONbits   0x000fca       data     extern E:\3.46\pic18-lt\cxx-framework\src\traditional\proc\p18f87j50.asm
                    T3CON   0x000f79       data     extern E:\3.46\pic18-lt\cxx-framework\src\traditional\proc\p18f87j50.asm
                T3CONbits   0x000f79       data     extern E:\3.46\pic18-lt\cxx-framework\src\traditional\proc\p18f87j50.asm
                    T4CON   0x000f76       data     extern E:\3.46\pic18-lt\cxx-framework\src\traditional\proc\p18f87j50.asm
                T4CONbits   0x000f76       data     extern E:\3.46\pic18-lt\cxx-framework\src\traditional\proc\p18f87j50.asm
                   TABLAT   0x000ff5       data     extern E:\3.46\pic18-lt\cxx-framework\src\traditional\proc\p18f87j50.asm
                   TBLPTR   0x000ff6       data     extern E:\3.46\pic18-lt\cxx-framework\src\traditional\proc\p18f87j50.asm
                  TBLPTRH   0x000ff7       data     extern E:\3.46\pic18-lt\cxx-framework\src\traditional\proc\p18f87j50.asm
                  TBLPTRL   0x000ff6       data     extern E:\3.46\pic18-lt\cxx-framework\src\traditional\proc\p18f87j50.asm
                  TBLPTRU   0x000ff8       data     extern E:\3.46\pic18-lt\cxx-framework\src\traditional\proc\p18f87j50.asm
                    TMR0H   0x000fd7       data     extern E:\3.46\pic18-lt\cxx-framework\src\traditional\proc\p18f87j50.asm
                    TMR0L   0x000fd6       data     extern E:\3.46\pic18-lt\cxx-framework\src\traditional\proc\p18f87j50.asm
                    TMR1H   0x000fcf       data     extern E:\3.46\pic18-lt\cxx-framework\src\traditional\proc\p18f87j50.asm
                    TMR1L   0x000fce       data     extern E:\3.46\pic18-lt\cxx-framework\src\traditional\proc\p18f87j50.asm
                     TMR2   0x000fcc       data     extern E:\3.46\pic18-lt\cxx-framework\src\traditional\proc\p18f87j50.asm
                    TMR3H   0x000f7b       data     extern E:\3.46\pic18-lt\cxx-framework\src\traditional\proc\p18f87j50.asm
                    TMR3L   0x000f7a       data     extern E:\3.46\pic18-lt\cxx-framework\src\traditional\proc\p18f87j50.asm
                     TMR4   0x000f78       data     extern E:\3.46\pic18-lt\cxx-framework\src\traditional\proc\p18f87j50.asm
                      TOS   0x000ffd       data     extern E:\3.46\pic18-lt\cxx-framework\src\traditional\proc\p18f87j50.asm
                     TOSH   0x000ffe       data     extern E:\3.46\pic18-lt\cxx-framework\src\traditional\proc\p18f87j50.asm
                     TOSL   0x000ffd       data     extern E:\3.46\pic18-lt\cxx-framework\src\traditional\proc\p18f87j50.asm
                     TOSU   0x000fff       data     extern E:\3.46\pic18-lt\cxx-framework\src\traditional\proc\p18f87j50.asm
                    TRISA   0x000f92       data     extern E:\3.46\pic18-lt\cxx-framework\src\traditional\proc\p18f87j50.asm
                TRISAbits   0x000f92       data     extern E:\3.46\pic18-lt\cxx-framework\src\traditional\proc\p18f87j50.asm
                    TRISB   0x000f93       data     extern E:\3.46\pic18-lt\cxx-framework\src\traditional\proc\p18f87j50.asm
                TRISBbits   0x000f93       data     extern E:\3.46\pic18-lt\cxx-framework\src\traditional\proc\p18f87j50.asm
                    TRISC   0x000f94       data     extern E:\3.46\pic18-lt\cxx-framework\src\traditional\proc\p18f87j50.asm
                TRISCbits   0x000f94       data     extern E:\3.46\pic18-lt\cxx-framework\src\traditional\proc\p18f87j50.asm
                    TRISD   0x000f95       data     extern E:\3.46\pic18-lt\cxx-framework\src\traditional\proc\p18f87j50.asm
                TRISDbits   0x000f95       data     extern E:\3.46\pic18-lt\cxx-framework\src\traditional\proc\p18f87j50.asm
                    TRISE   0x000f96       data     extern E:\3.46\pic18-lt\cxx-framework\src\traditional\proc\p18f87j50.asm
                TRISEbits   0x000f96       data     extern E:\3.46\pic18-lt\cxx-framework\src\traditional\proc\p18f87j50.asm
                    TRISF   0x000f97       data     extern E:\3.46\pic18-lt\cxx-framework\src\traditional\proc\p18f87j50.asm
                TRISFbits   0x000f97       data     extern E:\3.46\pic18-lt\cxx-framework\src\traditional\proc\p18f87j50.asm
                    TRISG   0x000f98       data     extern E:\3.46\pic18-lt\cxx-framework\src\traditional\proc\p18f87j50.asm
                TRISGbits   0x000f98       data     extern E:\3.46\pic18-lt\cxx-framework\src\traditional\proc\p18f87j50.asm
                    TRISH   0x000f99       data     extern E:\3.46\pic18-lt\cxx-framework\src\traditional\proc\p18f87j50.asm
                TRISHbits   0x000f99       data     extern E:\3.46\pic18-lt\cxx-framework\src\traditional\proc\p18f87j50.asm
                    TRISJ   0x000f9a       data     extern E:\3.46\pic18-lt\cxx-framework\src\traditional\proc\p18f87j50.asm
                TRISJbits   0x000f9a       data     extern E:\3.46\pic18-lt\cxx-framework\src\traditional\proc\p18f87j50.asm
                    TXREG   0x000fae       data     extern E:\3.46\pic18-lt\cxx-framework\src\traditional\proc\p18f87j50.asm
                   TXREG1   0x000fae       data     extern E:\3.46\pic18-lt\cxx-framework\src\traditional\proc\p18f87j50.asm
                   TXREG2   0x000fa9       data     extern E:\3.46\pic18-lt\cxx-framework\src\traditional\proc\p18f87j50.asm
                    TXSTA   0x000fad       data     extern E:\3.46\pic18-lt\cxx-framework\src\traditional\proc\p18f87j50.asm
                   TXSTA1   0x000fad       data     extern E:\3.46\pic18-lt\cxx-framework\src\traditional\proc\p18f87j50.asm
               TXSTA1bits   0x000fad       data     extern E:\3.46\pic18-lt\cxx-framework\src\traditional\proc\p18f87j50.asm
                   TXSTA2   0x000fa8       data     extern E:\3.46\pic18-lt\cxx-framework\src\traditional\proc\p18f87j50.asm
               TXSTA2bits   0x000fa8       data     extern E:\3.46\pic18-lt\cxx-framework\src\traditional\proc\p18f87j50.asm
                TXSTAbits   0x000fad       data     extern E:\3.46\pic18-lt\cxx-framework\src\traditional\proc\p18f87j50.asm
                    UADDR   0x000f5e       data     extern E:\3.46\pic18-lt\cxx-framework\src\traditional\proc\p18f87j50.asm
                UADDRbits   0x000f5e       data     extern E:\3.46\pic18-lt\cxx-framework\src\traditional\proc\p18f87j50.asm
                     UCFG   0x000f5f       data     extern E:\3.46\pic18-lt\cxx-framework\src\traditional\proc\p18f87j50.asm
                 UCFGbits   0x000f5f       data     extern E:\3.46\pic18-lt\cxx-framework\src\traditional\proc\p18f87j50.asm
                     UCON   0x000f65       data     extern E:\3.46\pic18-lt\cxx-framework\src\traditional\proc\p18f87j50.asm
                 UCONbits   0x000f65       data     extern E:\3.46\pic18-lt\cxx-framework\src\traditional\proc\p18f87j50.asm
                     UEIE   0x000f5d       data     extern E:\3.46\pic18-lt\cxx-framework\src\traditional\proc\p18f87j50.asm
                 UEIEbits   0x000f5d       data     extern E:\3.46\pic18-lt\cxx-framework\src\traditional\proc\p18f87j50.asm
                     UEIR   0x000f63       data     extern E:\3.46\pic18-lt\cxx-framework\src\traditional\proc\p18f87j50.asm
                 UEIRbits   0x000f63       data     extern E:\3.46\pic18-lt\cxx-framework\src\traditional\proc\p18f87j50.asm
                     UEP0   0x000f4c       data     extern E:\3.46\pic18-lt\cxx-framework\src\traditional\proc\p18f87j50.asm
                 UEP0bits   0x000f4c       data     extern E:\3.46\pic18-lt\cxx-framework\src\traditional\proc\p18f87j50.asm
                     UEP1   0x000f4d       data     extern E:\3.46\pic18-lt\cxx-framework\src\traditional\proc\p18f87j50.asm
                    UEP10   0x000f56       data     extern E:\3.46\pic18-lt\cxx-framework\src\traditional\proc\p18f87j50.asm
                UEP10bits   0x000f56       data     extern E:\3.46\pic18-lt\cxx-framework\src\traditional\proc\p18f87j50.asm
                    UEP11   0x000f57       data     extern E:\3.46\pic18-lt\cxx-framework\src\traditional\proc\p18f87j50.asm
                UEP11bits   0x000f57       data     extern E:\3.46\pic18-lt\cxx-framework\src\traditional\proc\p18f87j50.asm
                    UEP12   0x000f58       data     extern E:\3.46\pic18-lt\cxx-framework\src\traditional\proc\p18f87j50.asm
                UEP12bits   0x000f58       data     extern E:\3.46\pic18-lt\cxx-framework\src\traditional\proc\p18f87j50.asm
                    UEP13   0x000f59       data     extern E:\3.46\pic18-lt\cxx-framework\src\traditional\proc\p18f87j50.asm
                UEP13bits   0x000f59       data     extern E:\3.46\pic18-lt\cxx-framework\src\traditional\proc\p18f87j50.asm
                    UEP14   0x000f5a       data     extern E:\3.46\pic18-lt\cxx-framework\src\traditional\proc\p18f87j50.asm
                UEP14bits   0x000f5a       data     extern E:\3.46\pic18-lt\cxx-framework\src\traditional\proc\p18f87j50.asm
                    UEP15   0x000f5b       data     extern E:\3.46\pic18-lt\cxx-framework\src\traditional\proc\p18f87j50.asm
                UEP15bits   0x000f5b       data     extern E:\3.46\pic18-lt\cxx-framework\src\traditional\proc\p18f87j50.asm
                 UEP1bits   0x000f4d       data     extern E:\3.46\pic18-lt\cxx-framework\src\traditional\proc\p18f87j50.asm
                     UEP2   0x000f4e       data     extern E:\3.46\pic18-lt\cxx-framework\src\traditional\proc\p18f87j50.asm
                 UEP2bits   0x000f4e       data     extern E:\3.46\pic18-lt\cxx-framework\src\traditional\proc\p18f87j50.asm
                     UEP3   0x000f4f       data     extern E:\3.46\pic18-lt\cxx-framework\src\traditional\proc\p18f87j50.asm
                 UEP3bits   0x000f4f       data     extern E:\3.46\pic18-lt\cxx-framework\src\traditional\proc\p18f87j50.asm
                     UEP4   0x000f50       data     extern E:\3.46\pic18-lt\cxx-framework\src\traditional\proc\p18f87j50.asm
                 UEP4bits   0x000f50       data     extern E:\3.46\pic18-lt\cxx-framework\src\traditional\proc\p18f87j50.asm
                     UEP5   0x000f51       data     extern E:\3.46\pic18-lt\cxx-framework\src\traditional\proc\p18f87j50.asm
                 UEP5bits   0x000f51       data     extern E:\3.46\pic18-lt\cxx-framework\src\traditional\proc\p18f87j50.asm
                     UEP6   0x000f52       data     extern E:\3.46\pic18-lt\cxx-framework\src\traditional\proc\p18f87j50.asm
                 UEP6bits   0x000f52       data     extern E:\3.46\pic18-lt\cxx-framework\src\traditional\proc\p18f87j50.asm
                     UEP7   0x000f53       data     extern E:\3.46\pic18-lt\cxx-framework\src\traditional\proc\p18f87j50.asm
                 UEP7bits   0x000f53       data     extern E:\3.46\pic18-lt\cxx-framework\src\traditional\proc\p18f87j50.asm
                     UEP8   0x000f54       data     extern E:\3.46\pic18-lt\cxx-framework\src\traditional\proc\p18f87j50.asm
                 UEP8bits   0x000f54       data     extern E:\3.46\pic18-lt\cxx-framework\src\traditional\proc\p18f87j50.asm
                     UEP9   0x000f55       data     extern E:\3.46\pic18-lt\cxx-framework\src\traditional\proc\p18f87j50.asm
                 UEP9bits   0x000f55       data     extern E:\3.46\pic18-lt\cxx-framework\src\traditional\proc\p18f87j50.asm
                     UFRM   0x000f60       data     extern E:\3.46\pic18-lt\cxx-framework\src\traditional\proc\p18f87j50.asm
                    UFRMH   0x000f61       data     extern E:\3.46\pic18-lt\cxx-framework\src\traditional\proc\p18f87j50.asm
                UFRMHbits   0x000f61       data     extern E:\3.46\pic18-lt\cxx-framework\src\traditional\proc\p18f87j50.asm
                    UFRML   0x000f60       data     extern E:\3.46\pic18-lt\cxx-framework\src\traditional\proc\p18f87j50.asm
                UFRMLbits   0x000f60       data     extern E:\3.46\pic18-lt\cxx-framework\src\traditional\proc\p18f87j50.asm
                      UIE   0x000f5c       data     extern E:\3.46\pic18-lt\cxx-framework\src\traditional\proc\p18f87j50.asm
                  UIEbits   0x000f5c       data     extern E:\3.46\pic18-lt\cxx-framework\src\traditional\proc\p18f87j50.asm
                      UIR   0x000f62       data     extern E:\3.46\pic18-lt\cxx-framework\src\traditional\proc\p18f87j50.asm
                  UIRbits   0x000f62       data     extern E:\3.46\pic18-lt\cxx-framework\src\traditional\proc\p18f87j50.asm
                    USTAT   0x000f64       data     extern E:\3.46\pic18-lt\cxx-framework\src\traditional\proc\p18f87j50.asm
                USTATbits   0x000f64       data     extern E:\3.46\pic18-lt\cxx-framework\src\traditional\proc\p18f87j50.asm
                   WDTCON   0x000fc0       data     extern E:\3.46\pic18-lt\cxx-framework\src\traditional\proc\p18f87j50.asm
               WDTCONbits   0x000fc0       data     extern E:\3.46\pic18-lt\cxx-framework\src\traditional\proc\p18f87j50.asm
                     WREG   0x000fe8       data     extern E:\3.46\pic18-lt\cxx-framework\src\traditional\proc\p18f87j50.asm
                 __AARGB0   0x000009       data     extern E:\3.46\pic18-lt\cxx-framework\src\traditional\math\aarg.asm
                 __AARGB1   0x000008       data     extern E:\3.46\pic18-lt\cxx-framework\src\traditional\math\aarg.asm
                 __AARGB2   0x000007       data     extern E:\3.46\pic18-lt\cxx-framework\src\traditional\math\aarg.asm
                 __AARGB3   0x000006       data     extern E:\3.46\pic18-lt\cxx-framework\src\traditional\math\aarg.asm
                 __AARGB4   0x000005       data     extern E:\3.46\pic18-lt\cxx-framework\src\traditional\math\aarg.asm
                 __AARGB5   0x000004       data     extern E:\3.46\pic18-lt\cxx-framework\src\traditional\math\aarg.asm
                 __AARGB6   0x000003       data     extern E:\3.46\pic18-lt\cxx-framework\src\traditional\math\aarg.asm
                 __AARGB7   0x000002       data     extern E:\3.46\pic18-lt\cxx-framework\src\traditional\math\aarg.asm
                   __AEXP   0x00000a       data     extern E:\3.46\pic18-lt\cxx-framework\src\traditional\math\aarg.asm
                 __BARGB0   0x00000e       data     extern E:\3.46\pic18-lt\cxx-framework\src\traditional\math\barg.asm
                 __BARGB1   0x00000d       data     extern E:\3.46\pic18-lt\cxx-framework\src\traditional\math\barg.asm
                 __BARGB2   0x00000c       data     extern E:\3.46\pic18-lt\cxx-framework\src\traditional\math\barg.asm
                 __BARGB3   0x00000b       data     extern E:\3.46\pic18-lt\cxx-framework\src\traditional\math\barg.asm
[...]
               TXSTA1bits   0x000fad       data     extern E:\3.46\pic18-lt\cxx-framework\src\traditional\proc\p18f87j50.asm
                    TXREG   0x000fae       data     extern E:\3.46\pic18-lt\cxx-framework\src\traditional\proc\p18f87j50.asm
                   TXREG1   0x000fae       data     extern E:\3.46\pic18-lt\cxx-framework\src\traditional\proc\p18f87j50.asm
                    RCREG   0x000faf       data     extern E:\3.46\pic18-lt\cxx-framework\src\traditional\proc\p18f87j50.asm
                   RCREG1   0x000faf       data     extern E:\3.46\pic18-lt\cxx-framework\src\traditional\proc\p18f87j50.asm
                    SPBRG   0x000fb0       data     extern E:\3.46\pic18-lt\cxx-framework\src\traditional\proc\p18f87j50.asm
                   SPBRG1   0x000fb0       data     extern E:\3.46\pic18-lt\cxx-framework\src\traditional\proc\p18f87j50.asm
                  CCP3CON   0x000fb1       data     extern E:\3.46\pic18-lt\cxx-framework\src\traditional\proc\p18f87j50.asm
              CCP3CONbits   0x000fb1       data     extern E:\3.46\pic18-lt\cxx-framework\src\traditional\proc\p18f87j50.asm
             ECCP3CONbits   0x000fb1       data     extern E:\3.46\pic18-lt\cxx-framework\src\traditional\proc\p18f87j50.asm
                 ECCP3CON   0x000fb1       data     extern E:\3.46\pic18-lt\cxx-framework\src\traditional\proc\p18f87j50.asm
                   CCPR3L   0x000fb2       data     extern E:\3.46\pic18-lt\cxx-framework\src\traditional\proc\p18f87j50.asm
                    CCPR3   0x000fb2       data     extern E:\3.46\pic18-lt\cxx-framework\src\traditional\proc\p18f87j50.asm
                   CCPR3H   0x000fb3       data     extern E:\3.46\pic18-lt\cxx-framework\src\traditional\proc\p18f87j50.asm
             ECCP3DELbits   0x000fb4       data     extern E:\3.46\pic18-lt\cxx-framework\src\traditional\proc\p18f87j50.asm
                 ECCP3DEL   0x000fb4       data     extern E:\3.46\pic18-lt\cxx-framework\src\traditional\proc\p18f87j50.asm
              ECCP3ASbits   0x000fb5       data     extern E:\3.46\pic18-lt\cxx-framework\src\traditional\proc\p18f87j50.asm
                  ECCP3AS   0x000fb5       data     extern E:\3.46\pic18-lt\cxx-framework\src\traditional\proc\p18f87j50.asm
                 ECCP2CON   0x000fb6       data     extern E:\3.46\pic18-lt\cxx-framework\src\traditional\proc\p18f87j50.asm
             ECCP2CONbits   0x000fb6       data     extern E:\3.46\pic18-lt\cxx-framework\src\traditional\proc\p18f87j50.asm
                  CCP2CON   0x000fb6       data     extern E:\3.46\pic18-lt\cxx-framework\src\traditional\proc\p18f87j50.asm
              CCP2CONbits   0x000fb6       data     extern E:\3.46\pic18-lt\cxx-framework\src\traditional\proc\p18f87j50.asm
                   CCPR2L   0x000fb7       data     extern E:\3.46\pic18-lt\cxx-framework\src\traditional\proc\p18f87j50.asm
                    CCPR2   0x000fb7       data     extern E:\3.46\pic18-lt\cxx-framework\src\traditional\proc\p18f87j50.asm
                   CCPR2H   0x000fb8       data     extern E:\3.46\pic18-lt\cxx-framework\src\traditional\proc\p18f87j50.asm
             ECCP2DELbits   0x000fb9       data     extern E:\3.46\pic18-lt\cxx-framework\src\traditional\proc\p18f87j50.asm
                 ECCP2DEL   0x000fb9       data     extern E:\3.46\pic18-lt\cxx-framework\src\traditional\proc\p18f87j50.asm
              ECCP2ASbits   0x000fba       data     extern E:\3.46\pic18-lt\cxx-framework\src\traditional\proc\p18f87j50.asm
                  ECCP2AS   0x000fba       data     extern E:\3.46\pic18-lt\cxx-framework\src\traditional\proc\p18f87j50.asm
              CCP1CONbits   0x000fbb       data     extern E:\3.46\pic18-lt\cxx-framework\src\traditional\proc\p18f87j50.asm
             ECCP1CONbits   0x000fbb       data     extern E:\3.46\pic18-lt\cxx-framework\src\traditional\proc\p18f87j50.asm
                 ECCP1CON   0x000fbb       data     extern E:\3.46\pic18-lt\cxx-framework\src\traditional\proc\p18f87j50.asm
                  CCP1CON   0x000fbb       data     extern E:\3.46\pic18-lt\cxx-framework\src\traditional\proc\p18f87j50.asm
                    CCPR1   0x000fbc       data     extern E:\3.46\pic18-lt\cxx-framework\src\traditional\proc\p18f87j50.asm
                   CCPR1L   0x000fbc       data     extern E:\3.46\pic18-lt\cxx-framework\src\traditional\proc\p18f87j50.asm
                   CCPR1H   0x000fbd       data     extern E:\3.46\pic18-lt\cxx-framework\src\traditional\proc\p18f87j50.asm
                 ECCP1DEL   0x000fbe       data     extern E:\3.46\pic18-lt\cxx-framework\src\traditional\proc\p18f87j50.asm
             ECCP1DELbits   0x000fbe       data     extern E:\3.46\pic18-lt\cxx-framework\src\traditional\proc\p18f87j50.asm
              ECCP1ASbits   0x000fbf       data     extern E:\3.46\pic18-lt\cxx-framework\src\traditional\proc\p18f87j50.asm
                  ECCP1AS   0x000fbf       data     extern E:\3.46\pic18-lt\cxx-framework\src\traditional\proc\p18f87j50.asm
               WDTCONbits   0x000fc0       data     extern E:\3.46\pic18-lt\cxx-framework\src\traditional\proc\p18f87j50.asm
                   WDTCON   0x000fc0       data     extern E:\3.46\pic18-lt\cxx-framework\src\traditional\proc\p18f87j50.asm
               ANCON0bits   0x000fc1       data     extern E:\3.46\pic18-lt\cxx-framework\src\traditional\proc\p18f87j50.asm
                   ADCON1   0x000fc1       data     extern E:\3.46\pic18-lt\cxx-framework\src\traditional\proc\p18f87j50.asm
                   ANCON0   0x000fc1       data     extern E:\3.46\pic18-lt\cxx-framework\src\traditional\proc\p18f87j50.asm
               ADCON1bits   0x000fc1       data     extern E:\3.46\pic18-lt\cxx-framework\src\traditional\proc\p18f87j50.asm
                   ADCON0   0x000fc2       data     extern E:\3.46\pic18-lt\cxx-framework\src\traditional\proc\p18f87j50.asm
               ADCON0bits   0x000fc2       data     extern E:\3.46\pic18-lt\cxx-framework\src\traditional\proc\p18f87j50.asm
                   ANCON1   0x000fc2       data     extern E:\3.46\pic18-lt\cxx-framework\src\traditional\proc\p18f87j50.asm
               ANCON1bits   0x000fc2       data     extern E:\3.46\pic18-lt\cxx-framework\src\traditional\proc\p18f87j50.asm
                    ADRES   0x000fc3       data     extern E:\3.46\pic18-lt\cxx-framework\src\traditional\proc\p18f87j50.asm
                   ADRESL   0x000fc3       data     extern E:\3.46\pic18-lt\cxx-framework\src\traditional\proc\p18f87j50.asm
                   ADRESH   0x000fc4       data     extern E:\3.46\pic18-lt\cxx-framework\src\traditional\proc\p18f87j50.asm
                 SSP1CON2   0x000fc5       data     extern E:\3.46\pic18-lt\cxx-framework\src\traditional\proc\p18f87j50.asm
             SSP1CON2bits   0x000fc5       data     extern E:\3.46\pic18-lt\cxx-framework\src\traditional\proc\p18f87j50.asm
                  SSPCON2   0x000fc5       data     extern E:\3.46\pic18-lt\cxx-framework\src\traditional\proc\p18f87j50.asm
              SSPCON2bits   0x000fc5       data     extern E:\3.46\pic18-lt\cxx-framework\src\traditional\proc\p18f87j50.asm
              SSPCON1bits   0x000fc6       data     extern E:\3.46\pic18-lt\cxx-framework\src\traditional\proc\p18f87j50.asm
                  SSPCON1   0x000fc6       data     extern E:\3.46\pic18-lt\cxx-framework\src\traditional\proc\p18f87j50.asm
             SSP1CON1bits   0x000fc6       data     extern E:\3.46\pic18-lt\cxx-framework\src\traditional\proc\p18f87j50.asm
                 SSP1CON1   0x000fc6       data     extern E:\3.46\pic18-lt\cxx-framework\src\traditional\proc\p18f87j50.asm
             SSP1STATbits   0x000fc7       data     extern E:\3.46\pic18-lt\cxx-framework\src\traditional\proc\p18f87j50.asm
                 SSP1STAT   0x000fc7       data     extern E:\3.46\pic18-lt\cxx-framework\src\traditional\proc\p18f87j50.asm
              SSPSTATbits   0x000fc7       data     extern E:\3.46\pic18-lt\cxx-framework\src\traditional\proc\p18f87j50.asm
                  SSPSTAT   0x000fc7       data     extern E:\3.46\pic18-lt\cxx-framework\src\traditional\proc\p18f87j50.asm
              SSP1MSKbits   0x000fc8       data     extern E:\3.46\pic18-lt\cxx-framework\src\traditional\proc\p18f87j50.asm
                  SSP1MSK   0x000fc8       data     extern E:\3.46\pic18-lt\cxx-framework\src\traditional\proc\p18f87j50.asm
                  SSP1ADD   0x000fc8       data     extern E:\3.46\pic18-lt\cxx-framework\src\traditional\proc\p18f87j50.asm
                   SSPADD   0x000fc8       data     extern E:\3.46\pic18-lt\cxx-framework\src\traditional\proc\p18f87j50.asm
                  SSP1BUF   0x000fc9       data     extern E:\3.46\pic18-lt\cxx-framework\src\traditional\proc\p18f87j50.asm
                   SSPBUF   0x000fc9       data     extern E:\3.46\pic18-lt\cxx-framework\src\traditional\proc\p18f87j50.asm
                T2CONbits   0x000fca       data     extern E:\3.46\pic18-lt\cxx-framework\src\traditional\proc\p18f87j50.asm
                    T2CON   0x000fca       data     extern E:\3.46\pic18-lt\cxx-framework\src\traditional\proc\p18f87j50.asm
                      PR2   0x000fcb       data     extern E:\3.46\pic18-lt\cxx-framework\src\traditional\proc\p18f87j50.asm
                   MEMCON   0x000fcb       data     extern E:\3.46\pic18-lt\cxx-framework\src\traditional\proc\p18f87j50.asm
               MEMCONbits   0x000fcb       data     extern E:\3.46\pic18-lt\cxx-framework\src\traditional\proc\p18f87j50.asm
              PADCFG1bits   0x000fcc       data     extern E:\3.46\pic18-lt\cxx-framework\src\traditional\proc\p18f87j50.asm
                  PADCFG1   0x000fcc       data     extern E:\3.46\pic18-lt\cxx-framework\src\traditional\proc\p18f87j50.asm
                     TMR2   0x000fcc       data     extern E:\3.46\pic18-lt\cxx-framework\src\traditional\proc\p18f87j50.asm
                    T1CON   0x000fcd       data     extern E:\3.46\pic18-lt\cxx-framework\src\traditional\proc\p18f87j50.asm
                T1CONbits   0x000fcd       data     extern E:\3.46\pic18-lt\cxx-framework\src\traditional\proc\p18f87j50.asm
               ODCON3bits   0x000fcd       data     extern E:\3.46\pic18-lt\cxx-framework\src\traditional\proc\p18f87j50.asm
                   ODCON3   0x000fcd       data     extern E:\3.46\pic18-lt\cxx-framework\src\traditional\proc\p18f87j50.asm
                   ODCON2   0x000fce       data     extern E:\3.46\pic18-lt\cxx-framework\src\traditional\proc\p18f87j50.asm
               ODCON2bits   0x000fce       data     extern E:\3.46\pic18-lt\cxx-framework\src\traditional\proc\p18f87j50.asm
                    TMR1L   0x000fce       data     extern E:\3.46\pic18-lt\cxx-framework\src\traditional\proc\p18f87j50.asm
                   ODCON1   0x000fcf       data     extern E:\3.46\pic18-lt\cxx-framework\src\traditional\proc\p18f87j50.asm
               ODCON1bits   0x000fcf       data     extern E:\3.46\pic18-lt\cxx-framework\src\traditional\proc\p18f87j50.asm
                    TMR1H   0x000fcf       data     extern E:\3.46\pic18-lt\cxx-framework\src\traditional\proc\p18f87j50.asm
                     RCON   0x000fd0       data     extern E:\3.46\pic18-lt\cxx-framework\src\traditional\proc\p18f87j50.asm
                 RCONbits   0x000fd0       data     extern E:\3.46\pic18-lt\cxx-framework\src\traditional\proc\p18f87j50.asm
               CM2CONbits   0x000fd1       data     extern E:\3.46\pic18-lt\cxx-framework\src\traditional\proc\p18f87j50.asm
                   CM2CON   0x000fd1       data     extern E:\3.46\pic18-lt\cxx-framework\src\traditional\proc\p18f87j50.asm
                  CM2CON1   0x000fd1       data     extern E:\3.46\pic18-lt\cxx-framework\src\traditional\proc\p18f87j50.asm
              CM2CON1bits   0x000fd1       data     extern E:\3.46\pic18-lt\cxx-framework\src\traditional\proc\p18f87j50.asm
                   CM1CON   0x000fd2       data     extern E:\3.46\pic18-lt\cxx-framework\src\traditional\proc\p18f87j50.asm
                  CM1CON1   0x000fd2       data     extern E:\3.46\pic18-lt\cxx-framework\src\traditional\proc\p18f87j50.asm
              CM1CON1bits   0x000fd2       data     extern E:\3.46\pic18-lt\cxx-framework\src\traditional\proc\p18f87j50.asm
               CM1CONbits   0x000fd2       data     extern E:\3.46\pic18-lt\cxx-framework\src\traditional\proc\p18f87j50.asm
              REFOCONbits   0x000fd3       data     extern E:\3.46\pic18-lt\cxx-framework\src\traditional\proc\p18f87j50.asm
                   OSCCON   0x000fd3       data     extern E:\3.46\pic18-lt\cxx-framework\src\traditional\proc\p18f87j50.asm
                  REFOCON   0x000fd3       data     extern E:\3.46\pic18-lt\cxx-framework\src\traditional\proc\p18f87j50.asm
               OSCCONbits   0x000fd3       data     extern E:\3.46\pic18-lt\cxx-framework\src\traditional\proc\p18f87j50.asm
                T0CONbits   0x000fd5       data     extern E:\3.46\pic18-lt\cxx-framework\src\traditional\proc\p18f87j50.asm
                    T0CON   0x000fd5       data     extern E:\3.46\pic18-lt\cxx-framework\src\traditional\proc\p18f87j50.asm
                    TMR0L   0x000fd6       data     extern E:\3.46\pic18-lt\cxx-framework\src\traditional\proc\p18f87j50.asm
                    TMR0H   0x000fd7       data     extern E:\3.46\pic18-lt\cxx-framework\src\traditional\proc\p18f87j50.asm
                   STATUS   0x000fd8       data     extern E:\3.46\pic18-lt\cxx-framework\src\traditional\proc\p18f87j50.asm
               STATUSbits   0x000fd8       data     extern E:\3.46\pic18-lt\cxx-framework\src\traditional\proc\p18f87j50.asm
                    FSR2L   0x000fd9       data     extern E:\3.46\pic18-lt\cxx-framework\src\traditional\proc\p18f87j50.asm
                     FSR2   0x000fd9       data     extern E:\3.46\pic18-lt\cxx-framework\src\traditional\proc\p18f87j50.asm
                    FSR2H   0x000fda       data     extern E:\3.46\pic18-lt\cxx-framework\src\traditional\proc\p18f87j50.asm
                   PLUSW2   0x000fdb       data     extern E:\3.46\pic18-lt\cxx-framework\src\traditional\proc\p18f87j50.asm
                  PREINC2   0x000fdc       data     extern E:\3.46\pic18-lt\cxx-framework\src\traditional\proc\p18f87j50.asm
                 POSTDEC2   0x000fdd       data     extern E:\3.46\pic18-lt\cxx-framework\src\traditional\proc\p18f87j50.asm
                 POSTINC2   0x000fde       data     extern E:\3.46\pic18-lt\cxx-framework\src\traditional\proc\p18f87j50.asm
                    INDF2   0x000fdf       data     extern E:\3.46\pic18-lt\cxx-framework\src\traditional\proc\p18f87j50.asm
                      BSR   0x000fe0       data     extern E:\3.46\pic18-lt\cxx-framework\src\traditional\proc\p18f87j50.asm
                    FSR1L   0x000fe1       data     extern E:\3.46\pic18-lt\cxx-framework\src\traditional\proc\p18f87j50.asm
                     FSR1   0x000fe1       data     extern E:\3.46\pic18-lt\cxx-framework\src\traditional\proc\p18f87j50.asm
                    FSR1H   0x000fe2       data     extern E:\3.46\pic18-lt\cxx-framework\src\traditional\proc\p18f87j50.asm
                   PLUSW1   0x000fe3       data     extern E:\3.46\pic18-lt\cxx-framework\src\traditional\proc\p18f87j50.asm
                  PREINC1   0x000fe4       data     extern E:\3.46\pic18-lt\cxx-framework\src\traditional\proc\p18f87j50.asm
                 POSTDEC1   0x000fe5       data     extern E:\3.46\pic18-lt\cxx-framework\src\traditional\proc\p18f87j50.asm
                 POSTINC1   0x000fe6       data     extern E:\3.46\pic18-lt\cxx-framework\src\traditional\proc\p18f87j50.asm
                    INDF1   0x000fe7       data     extern E:\3.46\pic18-lt\cxx-framework\src\traditional\proc\p18f87j50.asm
                     WREG   0x000fe8       data     extern E:\3.46\pic18-lt\cxx-framework\src\traditional\proc\p18f87j50.asm
                     FSR0   0x000fe9       data     extern E:\3.46\pic18-lt\cxx-framework\src\traditional\proc\p18f87j50.asm
                    FSR0L   0x000fe9       data     extern E:\3.46\pic18-lt\cxx-framework\src\traditional\proc\p18f87j50.asm
                    FSR0H   0x000fea       data     extern E:\3.46\pic18-lt\cxx-framework\src\traditional\proc\p18f87j50.asm
                   PLUSW0   0x000feb       data     extern E:\3.46\pic18-lt\cxx-framework\src\traditional\proc\p18f87j50.asm
                  PREINC0   0x000fec       data     extern E:\3.46\pic18-lt\cxx-framework\src\traditional\proc\p18f87j50.asm
                 POSTDEC0   0x000fed       data     extern E:\3.46\pic18-lt\cxx-framework\src\traditional\proc\p18f87j50.asm
                 POSTINC0   0x000fee       data     extern E:\3.46\pic18-lt\cxx-framework\src\traditional\proc\p18f87j50.asm
                    INDF0   0x000fef       data     extern E:\3.46\pic18-lt\cxx-framework\src\traditional\proc\p18f87j50.asm
                  INTCON3   0x000ff0       data     extern E:\3.46\pic18-lt\cxx-framework\src\traditional\proc\p18f87j50.asm
              INTCON3bits   0x000ff0       data     extern E:\3.46\pic18-lt\cxx-framework\src\traditional\proc\p18f87j50.asm
                  INTCON2   0x000ff1       data     extern E:\3.46\pic18-lt\cxx-framework\src\traditional\proc\p18f87j50.asm
              INTCON2bits   0x000ff1       data     extern E:\3.46\pic18-lt\cxx-framework\src\traditional\proc\p18f87j50.asm
               INTCONbits   0x000ff2       data     extern E:\3.46\pic18-lt\cxx-framework\src\traditional\proc\p18f87j50.asm
                   INTCON   0x000ff2       data     extern E:\3.46\pic18-lt\cxx-framework\src\traditional\proc\p18f87j50.asm
                    PRODL   0x000ff3       data     extern E:\3.46\pic18-lt\cxx-framework\src\traditional\proc\p18f87j50.asm
                     PROD   0x000ff3       data     extern E:\3.46\pic18-lt\cxx-framework\src\traditional\proc\p18f87j50.asm
                    PRODH   0x000ff4       data     extern E:\3.46\pic18-lt\cxx-framework\src\traditional\proc\p18f87j50.asm
                   TABLAT   0x000ff5       data     extern E:\3.46\pic18-lt\cxx-framework\src\traditional\proc\p18f87j50.asm
                   TBLPTR   0x000ff6       data     extern E:\3.46\pic18-lt\cxx-framework\src\traditional\proc\p18f87j50.asm
                  TBLPTRL   0x000ff6       data     extern E:\3.46\pic18-lt\cxx-framework\src\traditional\proc\p18f87j50.asm
                  TBLPTRH   0x000ff7       data     extern E:\3.46\pic18-lt\cxx-framework\src\traditional\proc\p18f87j50.asm
                  TBLPTRU   0x000ff8       data     extern E:\3.46\pic18-lt\cxx-framework\src\traditional\proc\p18f87j50.asm
                       PC   0x000ff9       data     extern E:\3.46\pic18-lt\cxx-framework\src\traditional\proc\p18f87j50.asm
                      PCL   0x000ff9       data     extern E:\3.46\pic18-lt\cxx-framework\src\traditional\proc\p18f87j50.asm
                   PCLATH   0x000ffa       data     extern E:\3.46\pic18-lt\cxx-framework\src\traditional\proc\p18f87j50.asm
                   PCLATU   0x000ffb       data     extern E:\3.46\pic18-lt\cxx-framework\src\traditional\proc\p18f87j50.asm
               STKPTRbits   0x000ffc       data     extern E:\3.46\pic18-lt\cxx-framework\src\traditional\proc\p18f87j50.asm
                   STKPTR   0x000ffc       data     extern E:\3.46\pic18-lt\cxx-framework\src\traditional\proc\p18f87j50.asm
                      TOS   0x000ffd       data     extern E:\3.46\pic18-lt\cxx-framework\src\traditional\proc\p18f87j50.asm
                     TOSL   0x000ffd       data     extern E:\3.46\pic18-lt\cxx-framework\src\traditional\proc\p18f87j50.asm
                     TOSH   0x000ffe       data     extern E:\3.46\pic18-lt\cxx-framework\src\traditional\proc\p18f87j50.asm
                     TOSU   0x000fff       data     extern E:\3.46\pic18-lt\cxx-framework\src\traditional\proc\p18f87j50.asm


